2025-09-10 18:02:32.289 [Test worker] [INFO] c.e.d.StepWithRemodelingApplicationTests - Starting StepWithRemodelingApplicationTests using Java 17.0.2 with PID 21624 (started by somee in C:\sts\workspace\step_with_remodeling)
2025-09-10 18:02:32.299 [Test worker] [INFO] c.e.d.StepWithRemodelingApplicationTests - No active profile set, falling back to 1 default profile: "default"
2025-09-10 18:02:33.590 [Test worker] [INFO] o.s.d.r.c.RepositoryConfigurationDelegate - Multiple Spring Data modules found, entering strict repository configuration mode
2025-09-10 18:02:33.592 [Test worker] [INFO] o.s.d.r.c.RepositoryConfigurationDelegate - Bootstrapping Spring Data Redis repositories in DEFAULT mode.
2025-09-10 18:02:33.639 [Test worker] [INFO] o.s.d.r.c.RepositoryConfigurationDelegate - Finished Spring Data repository scanning in 9 ms. Found 0 Redis repository interfaces.
2025-09-10 18:02:34.888 [Test worker] [INFO] o.s.d.r.c.RepositoryConfigurationDelegate - Multiple Spring Data modules found, entering strict repository configuration mode
2025-09-10 18:02:34.890 [Test worker] [INFO] o.s.d.r.c.RepositoryConfigurationDelegate - Bootstrapping Spring Data JPA repositories in DEFAULT mode.
2025-09-10 18:02:35.210 [Test worker] [INFO] o.s.d.r.c.RepositoryConfigurationDelegate - Finished Spring Data repository scanning in 309 ms. Found 1 JPA repository interface.
2025-09-10 18:02:35.228 [Test worker] [INFO] o.s.d.r.c.RepositoryConfigurationDelegate - Multiple Spring Data modules found, entering strict repository configuration mode
2025-09-10 18:02:35.229 [Test worker] [INFO] o.s.d.r.c.RepositoryConfigurationDelegate - Bootstrapping Spring Data Redis repositories in DEFAULT mode.
2025-09-10 18:02:35.246 [Test worker] [INFO] o.s.d.r.c.RepositoryConfigurationExtensionSupport - Spring Data Redis - Could not safely identify store assignment for repository candidate interface com.example.demo.user.UserRepository; If you want this repository to be a Redis repository, consider annotating your entities with one of these annotations: org.springframework.data.redis.core.RedisHash (preferred), or consider extending one of the following types with your repository: org.springframework.data.keyvalue.repository.KeyValueRepository
2025-09-10 18:02:35.246 [Test worker] [INFO] o.s.d.r.c.RepositoryConfigurationDelegate - Finished Spring Data repository scanning in 14 ms. Found 0 Redis repository interfaces.
2025-09-10 18:02:36.195 [Test worker] [INFO] o.h.j.i.u.LogHelper - HHH000204: Processing PersistenceUnitInfo [name: default]
2025-09-10 18:02:36.336 [Test worker] [INFO] o.h.Version - HHH000412: Hibernate ORM core version 6.6.18.Final
2025-09-10 18:02:36.421 [Test worker] [INFO] o.h.c.i.RegionFactoryInitiator - HHH000026: Second-level cache disabled
2025-09-10 18:02:37.049 [Test worker] [INFO] o.s.o.j.p.SpringPersistenceUnitInfo - No LoadTimeWeaver setup: ignoring JPA class transformer
2025-09-10 18:02:37.101 [Test worker] [INFO] c.z.h.HikariDataSource - HikariPool-1 - Starting...
2025-09-10 18:02:37.776 [Test worker] [INFO] c.z.h.p.HikariPool - HikariPool-1 - Added connection com.mysql.cj.jdbc.ConnectionImpl@1d0acb8f
2025-09-10 18:02:37.780 [Test worker] [INFO] c.z.h.HikariDataSource - HikariPool-1 - Start completed.
2025-09-10 18:02:37.883 [Test worker] [WARN] o.h.o.deprecation - HHH90000025: MySQL8Dialect does not need to be specified explicitly using 'hibernate.dialect' (remove the property setting and it will be selected by default)
2025-09-10 18:02:37.885 [Test worker] [WARN] o.h.o.deprecation - HHH90000026: MySQL8Dialect has been deprecated; use org.hibernate.dialect.MySQLDialect instead
2025-09-10 18:02:37.994 [Test worker] [INFO] o.h.o.c.pooling - HHH10001005: Database info:
	Database JDBC URL [Connecting through datasource 'HikariDataSource (HikariPool-1)']
	Database driver: undefined/unknown
	Database version: 8.0
	Autocommit mode: undefined/unknown
	Isolation level: undefined/unknown
	Minimum pool size: undefined/unknown
	Maximum pool size: undefined/unknown
2025-09-10 18:02:39.696 [Test worker] [INFO] o.h.e.t.j.p.i.JtaPlatformInitiator - HHH000489: No JTA platform available (set 'hibernate.transaction.jta.platform' to enable JTA platform integration)
2025-09-10 18:02:39.788 [Test worker] [INFO] o.s.o.j.LocalContainerEntityManagerFactoryBean - Initialized JPA EntityManagerFactory for persistence unit 'default'
2025-09-10 18:02:41.681 [Test worker] [WARN] o.s.b.a.o.j.JpaBaseConfiguration$JpaWebConfiguration - spring.jpa.open-in-view is enabled by default. Therefore, database queries may be performed during view rendering. Explicitly configure spring.jpa.open-in-view to disable this warning
2025-09-10 18:02:41.775 [Test worker] [WARN] o.s.b.a.s.s.UserDetailsServiceAutoConfiguration - 

Using generated security password: 4a51c575-599d-4d31-b066-306da18e9e7c

This generated password is for development use only. Your security configuration must be updated before running your application in production.

2025-09-10 18:02:41.795 [Test worker] [INFO] o.s.s.c.a.a.c.InitializeUserDetailsBeanManagerConfigurer$InitializeUserDetailsManagerConfigurer - Global AuthenticationManager configured with UserDetailsService bean with name inMemoryUserDetailsManager
2025-09-10 18:02:42.853 [Test worker] [INFO] o.s.v.b.OptionalValidatorFactoryBean - Failed to set up a Bean Validation provider: jakarta.validation.NoProviderFoundException: Unable to create a Configuration, because no Jakarta Bean Validation provider could be found. Add a provider like Hibernate Validator (RI) to your classpath.
2025-09-10 18:02:43.608 [Test worker] [INFO] c.e.d.StepWithRemodelingApplicationTests - Started StepWithRemodelingApplicationTests in 12.749 seconds (process running for 14.679)
2025-09-10 18:02:44.571 [SpringApplicationShutdownHook] [INFO] o.s.o.j.LocalContainerEntityManagerFactoryBean - Closing JPA EntityManagerFactory for persistence unit 'default'
2025-09-10 18:02:44.577 [SpringApplicationShutdownHook] [INFO] c.z.h.HikariDataSource - HikariPool-1 - Shutdown initiated...
2025-09-10 18:02:44.590 [SpringApplicationShutdownHook] [INFO] c.z.h.HikariDataSource - HikariPool-1 - Shutdown completed.
2025-09-10 18:42:26.605 [Test worker] [INFO] c.e.d.StepWithRemodelingApplicationTests - Starting StepWithRemodelingApplicationTests using Java 17.0.2 with PID 21924 (started by somee in C:\sts\workspace\step_with_remodeling)
2025-09-10 18:42:26.607 [Test worker] [INFO] c.e.d.StepWithRemodelingApplicationTests - No active profile set, falling back to 1 default profile: "default"
2025-09-10 18:42:27.693 [Test worker] [INFO] o.s.d.r.c.RepositoryConfigurationDelegate - Multiple Spring Data modules found, entering strict repository configuration mode
2025-09-10 18:42:27.694 [Test worker] [INFO] o.s.d.r.c.RepositoryConfigurationDelegate - Bootstrapping Spring Data Redis repositories in DEFAULT mode.
2025-09-10 18:42:27.786 [Test worker] [INFO] o.s.d.r.c.RepositoryConfigurationDelegate - Finished Spring Data repository scanning in 41 ms. Found 0 Redis repository interfaces.
2025-09-10 18:42:29.103 [Test worker] [INFO] o.s.d.r.c.RepositoryConfigurationDelegate - Multiple Spring Data modules found, entering strict repository configuration mode
2025-09-10 18:42:29.104 [Test worker] [INFO] o.s.d.r.c.RepositoryConfigurationDelegate - Bootstrapping Spring Data JPA repositories in DEFAULT mode.
2025-09-10 18:42:29.362 [Test worker] [INFO] o.s.d.r.c.RepositoryConfigurationDelegate - Finished Spring Data repository scanning in 247 ms. Found 1 JPA repository interface.
2025-09-10 18:42:29.380 [Test worker] [INFO] o.s.d.r.c.RepositoryConfigurationDelegate - Multiple Spring Data modules found, entering strict repository configuration mode
2025-09-10 18:42:29.381 [Test worker] [INFO] o.s.d.r.c.RepositoryConfigurationDelegate - Bootstrapping Spring Data Redis repositories in DEFAULT mode.
2025-09-10 18:42:29.406 [Test worker] [INFO] o.s.d.r.c.RepositoryConfigurationExtensionSupport - Spring Data Redis - Could not safely identify store assignment for repository candidate interface com.example.demo.user.UserRepository; If you want this repository to be a Redis repository, consider annotating your entities with one of these annotations: org.springframework.data.redis.core.RedisHash (preferred), or consider extending one of the following types with your repository: org.springframework.data.keyvalue.repository.KeyValueRepository
2025-09-10 18:42:29.406 [Test worker] [INFO] o.s.d.r.c.RepositoryConfigurationDelegate - Finished Spring Data repository scanning in 23 ms. Found 0 Redis repository interfaces.
2025-09-10 18:42:30.332 [Test worker] [INFO] o.h.j.i.u.LogHelper - HHH000204: Processing PersistenceUnitInfo [name: default]
2025-09-10 18:42:30.458 [Test worker] [INFO] o.h.Version - HHH000412: Hibernate ORM core version 6.6.18.Final
2025-09-10 18:42:30.526 [Test worker] [INFO] o.h.c.i.RegionFactoryInitiator - HHH000026: Second-level cache disabled
2025-09-10 18:42:31.128 [Test worker] [INFO] o.s.o.j.p.SpringPersistenceUnitInfo - No LoadTimeWeaver setup: ignoring JPA class transformer
2025-09-10 18:42:31.201 [Test worker] [INFO] c.z.h.HikariDataSource - HikariPool-1 - Starting...
2025-09-10 18:42:31.901 [Test worker] [INFO] c.z.h.p.HikariPool - HikariPool-1 - Added connection com.mysql.cj.jdbc.ConnectionImpl@1d0acb8f
2025-09-10 18:42:31.903 [Test worker] [INFO] c.z.h.HikariDataSource - HikariPool-1 - Start completed.
2025-09-10 18:42:31.986 [Test worker] [WARN] o.h.o.deprecation - HHH90000025: MySQL8Dialect does not need to be specified explicitly using 'hibernate.dialect' (remove the property setting and it will be selected by default)
2025-09-10 18:42:31.988 [Test worker] [WARN] o.h.o.deprecation - HHH90000026: MySQL8Dialect has been deprecated; use org.hibernate.dialect.MySQLDialect instead
2025-09-10 18:42:32.041 [Test worker] [INFO] o.h.o.c.pooling - HHH10001005: Database info:
	Database JDBC URL [Connecting through datasource 'HikariDataSource (HikariPool-1)']
	Database driver: undefined/unknown
	Database version: 8.0
	Autocommit mode: undefined/unknown
	Isolation level: undefined/unknown
	Minimum pool size: undefined/unknown
	Maximum pool size: undefined/unknown
2025-09-10 18:42:33.469 [Test worker] [INFO] o.h.e.t.j.p.i.JtaPlatformInitiator - HHH000489: No JTA platform available (set 'hibernate.transaction.jta.platform' to enable JTA platform integration)
2025-09-10 18:42:33.571 [Test worker] [INFO] o.s.o.j.LocalContainerEntityManagerFactoryBean - Initialized JPA EntityManagerFactory for persistence unit 'default'
2025-09-10 18:42:34.938 [Test worker] [WARN] o.s.b.a.o.j.JpaBaseConfiguration$JpaWebConfiguration - spring.jpa.open-in-view is enabled by default. Therefore, database queries may be performed during view rendering. Explicitly configure spring.jpa.open-in-view to disable this warning
2025-09-10 18:42:34.984 [Test worker] [WARN] o.s.b.a.s.s.UserDetailsServiceAutoConfiguration - 

Using generated security password: 0eb28c7f-3037-44a9-b6c9-4e8e79efa3b5

This generated password is for development use only. Your security configuration must be updated before running your application in production.

2025-09-10 18:42:35.001 [Test worker] [INFO] o.s.s.c.a.a.c.InitializeUserDetailsBeanManagerConfigurer$InitializeUserDetailsManagerConfigurer - Global AuthenticationManager configured with UserDetailsService bean with name inMemoryUserDetailsManager
2025-09-10 18:42:35.634 [Test worker] [INFO] o.s.v.b.OptionalValidatorFactoryBean - Failed to set up a Bean Validation provider: jakarta.validation.NoProviderFoundException: Unable to create a Configuration, because no Jakarta Bean Validation provider could be found. Add a provider like Hibernate Validator (RI) to your classpath.
2025-09-10 18:42:36.123 [Test worker] [INFO] c.e.d.StepWithRemodelingApplicationTests - Started StepWithRemodelingApplicationTests in 10.356 seconds (process running for 12.099)
2025-09-10 18:42:36.990 [SpringApplicationShutdownHook] [INFO] o.s.o.j.LocalContainerEntityManagerFactoryBean - Closing JPA EntityManagerFactory for persistence unit 'default'
2025-09-10 18:42:36.996 [SpringApplicationShutdownHook] [INFO] c.z.h.HikariDataSource - HikariPool-1 - Shutdown initiated...
2025-09-10 18:42:37.013 [SpringApplicationShutdownHook] [INFO] c.z.h.HikariDataSource - HikariPool-1 - Shutdown completed.
2025-09-10 18:47:11.958 [Test worker] [INFO] c.e.d.StepWithRemodelingApplicationTests - Starting StepWithRemodelingApplicationTests using Java 17.0.2 with PID 6192 (started by somee in C:\sts\workspace\step_with_remodeling)
2025-09-10 18:47:11.960 [Test worker] [INFO] c.e.d.StepWithRemodelingApplicationTests - No active profile set, falling back to 1 default profile: "default"
2025-09-10 18:47:13.009 [Test worker] [INFO] o.s.d.r.c.RepositoryConfigurationDelegate - Multiple Spring Data modules found, entering strict repository configuration mode
2025-09-10 18:47:13.010 [Test worker] [INFO] o.s.d.r.c.RepositoryConfigurationDelegate - Bootstrapping Spring Data Redis repositories in DEFAULT mode.
2025-09-10 18:47:13.059 [Test worker] [INFO] o.s.d.r.c.RepositoryConfigurationDelegate - Finished Spring Data repository scanning in 9 ms. Found 0 Redis repository interfaces.
2025-09-10 18:47:14.294 [Test worker] [INFO] o.s.d.r.c.RepositoryConfigurationDelegate - Multiple Spring Data modules found, entering strict repository configuration mode
2025-09-10 18:47:14.297 [Test worker] [INFO] o.s.d.r.c.RepositoryConfigurationDelegate - Bootstrapping Spring Data JPA repositories in DEFAULT mode.
2025-09-10 18:47:14.630 [Test worker] [INFO] o.s.d.r.c.RepositoryConfigurationDelegate - Finished Spring Data repository scanning in 308 ms. Found 1 JPA repository interface.
2025-09-10 18:47:14.649 [Test worker] [INFO] o.s.d.r.c.RepositoryConfigurationDelegate - Multiple Spring Data modules found, entering strict repository configuration mode
2025-09-10 18:47:14.649 [Test worker] [INFO] o.s.d.r.c.RepositoryConfigurationDelegate - Bootstrapping Spring Data Redis repositories in DEFAULT mode.
2025-09-10 18:47:14.679 [Test worker] [INFO] o.s.d.r.c.RepositoryConfigurationExtensionSupport - Spring Data Redis - Could not safely identify store assignment for repository candidate interface com.example.demo.user.UserRepository; If you want this repository to be a Redis repository, consider annotating your entities with one of these annotations: org.springframework.data.redis.core.RedisHash (preferred), or consider extending one of the following types with your repository: org.springframework.data.keyvalue.repository.KeyValueRepository
2025-09-10 18:47:14.680 [Test worker] [INFO] o.s.d.r.c.RepositoryConfigurationDelegate - Finished Spring Data repository scanning in 26 ms. Found 0 Redis repository interfaces.
2025-09-10 18:47:15.656 [Test worker] [INFO] o.h.j.i.u.LogHelper - HHH000204: Processing PersistenceUnitInfo [name: default]
2025-09-10 18:47:15.779 [Test worker] [INFO] o.h.Version - HHH000412: Hibernate ORM core version 6.6.18.Final
2025-09-10 18:47:15.854 [Test worker] [INFO] o.h.c.i.RegionFactoryInitiator - HHH000026: Second-level cache disabled
2025-09-10 18:47:16.468 [Test worker] [INFO] o.s.o.j.p.SpringPersistenceUnitInfo - No LoadTimeWeaver setup: ignoring JPA class transformer
2025-09-10 18:47:16.555 [Test worker] [INFO] c.z.h.HikariDataSource - HikariPool-1 - Starting...
2025-09-10 18:47:17.227 [Test worker] [INFO] c.z.h.p.HikariPool - HikariPool-1 - Added connection com.mysql.cj.jdbc.ConnectionImpl@68303aad
2025-09-10 18:47:17.229 [Test worker] [INFO] c.z.h.HikariDataSource - HikariPool-1 - Start completed.
2025-09-10 18:47:17.304 [Test worker] [WARN] o.h.o.deprecation - HHH90000025: MySQL8Dialect does not need to be specified explicitly using 'hibernate.dialect' (remove the property setting and it will be selected by default)
2025-09-10 18:47:17.307 [Test worker] [WARN] o.h.o.deprecation - HHH90000026: MySQL8Dialect has been deprecated; use org.hibernate.dialect.MySQLDialect instead
2025-09-10 18:47:17.355 [Test worker] [INFO] o.h.o.c.pooling - HHH10001005: Database info:
	Database JDBC URL [Connecting through datasource 'HikariDataSource (HikariPool-1)']
	Database driver: undefined/unknown
	Database version: 8.0
	Autocommit mode: undefined/unknown
	Isolation level: undefined/unknown
	Minimum pool size: undefined/unknown
	Maximum pool size: undefined/unknown
2025-09-10 18:47:19.001 [Test worker] [INFO] o.h.e.t.j.p.i.JtaPlatformInitiator - HHH000489: No JTA platform available (set 'hibernate.transaction.jta.platform' to enable JTA platform integration)
2025-09-10 18:47:19.121 [Test worker] [INFO] o.s.o.j.LocalContainerEntityManagerFactoryBean - Initialized JPA EntityManagerFactory for persistence unit 'default'
2025-09-10 18:47:20.366 [Test worker] [WARN] o.s.b.a.o.j.JpaBaseConfiguration$JpaWebConfiguration - spring.jpa.open-in-view is enabled by default. Therefore, database queries may be performed during view rendering. Explicitly configure spring.jpa.open-in-view to disable this warning
2025-09-10 18:47:20.422 [Test worker] [WARN] o.s.b.a.s.s.UserDetailsServiceAutoConfiguration - 

Using generated security password: ae834c9d-a209-4259-8552-7e79c7ce3e32

This generated password is for development use only. Your security configuration must be updated before running your application in production.

2025-09-10 18:47:20.434 [Test worker] [INFO] o.s.s.c.a.a.c.InitializeUserDetailsBeanManagerConfigurer$InitializeUserDetailsManagerConfigurer - Global AuthenticationManager configured with UserDetailsService bean with name inMemoryUserDetailsManager
2025-09-10 18:47:21.087 [Test worker] [INFO] o.s.v.b.OptionalValidatorFactoryBean - Failed to set up a Bean Validation provider: jakarta.validation.NoProviderFoundException: Unable to create a Configuration, because no Jakarta Bean Validation provider could be found. Add a provider like Hibernate Validator (RI) to your classpath.
2025-09-10 18:47:21.680 [Test worker] [INFO] c.e.d.StepWithRemodelingApplicationTests - Started StepWithRemodelingApplicationTests in 10.537 seconds (process running for 12.338)
2025-09-10 18:47:22.555 [SpringApplicationShutdownHook] [INFO] o.s.o.j.LocalContainerEntityManagerFactoryBean - Closing JPA EntityManagerFactory for persistence unit 'default'
2025-09-10 18:47:22.563 [SpringApplicationShutdownHook] [INFO] c.z.h.HikariDataSource - HikariPool-1 - Shutdown initiated...
2025-09-10 18:47:22.582 [SpringApplicationShutdownHook] [INFO] c.z.h.HikariDataSource - HikariPool-1 - Shutdown completed.
