2025-07-16 18:00:08.504 [restartedMain] INFO  c.e.d.StepWithRemodelingApplication - Starting StepWithRemodelingApplication using Java 17.0.2 with PID 20236 (C:\sts\workspace\step_with_remodeling\bin\main started by somee in C:\sts\workspace\step_with_remodeling)
2025-07-16 18:00:08.506 [restartedMain] DEBUG c.e.d.StepWithRemodelingApplication - Running with Spring Boot v3.5.3, Spring v6.2.8
2025-07-16 18:00:08.506 [restartedMain] INFO  c.e.d.StepWithRemodelingApplication - No active profile set, falling back to 1 default profile: "default"
2025-07-16 18:00:08.762 [restartedMain] INFO  o.s.d.r.c.RepositoryConfigurationDelegate - Bootstrapping Spring Data JPA repositories in DEFAULT mode.
2025-07-16 18:00:08.773 [restartedMain] INFO  o.s.d.r.c.RepositoryConfigurationDelegate - Finished Spring Data repository scanning in 10 ms. Found 0 JPA repository interfaces.
2025-07-16 18:00:08.860 [restartedMain] INFO  o.s.b.w.e.tomcat.TomcatWebServer - Tomcat initialized with port 8080 (http)
2025-07-16 18:00:08.861 [restartedMain] INFO  o.a.catalina.core.StandardService - Starting service [Tomcat]
2025-07-16 18:00:08.861 [restartedMain] INFO  o.a.catalina.core.StandardEngine - Starting Servlet engine: [Apache Tomcat/10.1.42]
2025-07-16 18:00:08.895 [restartedMain] INFO  o.a.c.c.C.[Tomcat].[localhost].[/] - Initializing Spring embedded WebApplicationContext
2025-07-16 18:00:08.895 [restartedMain] INFO  o.s.b.w.s.c.ServletWebServerApplicationContext - Root WebApplicationContext: initialization completed in 386 ms
2025-07-16 18:00:08.933 [restartedMain] INFO  o.h.jpa.internal.util.LogHelper - HHH000204: Processing PersistenceUnitInfo [name: default]
2025-07-16 18:00:08.937 [restartedMain] INFO  o.h.c.i.RegionFactoryInitiator - HHH000026: Second-level cache disabled
2025-07-16 18:00:08.948 [restartedMain] INFO  o.s.o.j.p.SpringPersistenceUnitInfo - No LoadTimeWeaver setup: ignoring JPA class transformer
2025-07-16 18:00:08.949 [restartedMain] INFO  com.zaxxer.hikari.HikariDataSource - HikariPool-2 - Starting...
2025-07-16 18:00:09.051 [restartedMain] INFO  com.zaxxer.hikari.pool.HikariPool - HikariPool-2 - Added connection com.mysql.cj.jdbc.ConnectionImpl@4061a7ff
2025-07-16 18:00:09.051 [restartedMain] INFO  com.zaxxer.hikari.HikariDataSource - HikariPool-2 - Start completed.
2025-07-16 18:00:09.052 [restartedMain] WARN  org.hibernate.orm.deprecation - HHH90000025: MySQL8Dialect does not need to be specified explicitly using 'hibernate.dialect' (remove the property setting and it will be selected by default)
2025-07-16 18:00:09.052 [restartedMain] WARN  org.hibernate.orm.deprecation - HHH90000026: MySQL8Dialect has been deprecated; use org.hibernate.dialect.MySQLDialect instead
2025-07-16 18:00:09.053 [restartedMain] INFO  o.hibernate.orm.connections.pooling - HHH10001005: Database info:
	Database JDBC URL [Connecting through datasource 'HikariDataSource (HikariPool-2)']
	Database driver: undefined/unknown
	Database version: 8.0
	Autocommit mode: undefined/unknown
	Isolation level: undefined/unknown
	Minimum pool size: undefined/unknown
	Maximum pool size: undefined/unknown
2025-07-16 18:00:09.071 [restartedMain] INFO  o.h.e.t.j.p.i.JtaPlatformInitiator - HHH000489: No JTA platform available (set 'hibernate.transaction.jta.platform' to enable JTA platform integration)
2025-07-16 18:00:09.071 [restartedMain] INFO  o.s.o.j.LocalContainerEntityManagerFactoryBean - Initialized JPA EntityManagerFactory for persistence unit 'default'
2025-07-16 18:00:09.099 [restartedMain] WARN  o.s.b.a.o.j.JpaBaseConfiguration$JpaWebConfiguration - spring.jpa.open-in-view is enabled by default. Therefore, database queries may be performed during view rendering. Explicitly configure spring.jpa.open-in-view to disable this warning
2025-07-16 18:00:09.111 [restartedMain] WARN  o.s.b.a.s.s.UserDetailsServiceAutoConfiguration - 

Using generated security password: 04d372a0-0cc1-4029-aae5-6c6e64500537

This generated password is for development use only. Your security configuration must be updated before running your application in production.

2025-07-16 18:00:09.112 [restartedMain] INFO  o.s.s.c.a.a.c.InitializeUserDetailsBeanManagerConfigurer$InitializeUserDetailsManagerConfigurer - Global AuthenticationManager configured with UserDetailsService bean with name inMemoryUserDetailsManager
2025-07-16 18:00:09.211 [restartedMain] INFO  o.s.v.b.OptionalValidatorFactoryBean - Failed to set up a Bean Validation provider: jakarta.validation.NoProviderFoundException: Unable to create a Configuration, because no Jakarta Bean Validation provider could be found. Add a provider like Hibernate Validator (RI) to your classpath.
2025-07-16 18:00:09.300 [restartedMain] INFO  o.s.b.d.a.OptionalLiveReloadServer - LiveReload server is running on port 35729
2025-07-16 18:00:09.313 [restartedMain] INFO  o.s.b.w.e.tomcat.TomcatWebServer - Tomcat started on port 8080 (http) with context path '/'
2025-07-16 18:00:09.319 [restartedMain] INFO  c.e.d.StepWithRemodelingApplication - Started StepWithRemodelingApplication in 0.901 seconds (process running for 27.332)
2025-07-16 18:00:09.322 [restartedMain] INFO  o.s.b.d.a.ConditionEvaluationDeltaLoggingListener - Condition evaluation unchanged
2025-07-16 18:00:33.659 [http-nio-8080-exec-1] INFO  o.a.c.c.C.[Tomcat].[localhost].[/] - Initializing Spring DispatcherServlet 'dispatcherServlet'
2025-07-16 18:00:33.659 [http-nio-8080-exec-1] INFO  o.s.web.servlet.DispatcherServlet - Initializing Servlet 'dispatcherServlet'
2025-07-16 18:00:33.659 [http-nio-8080-exec-1] INFO  o.s.web.servlet.DispatcherServlet - Completed initialization in 0 ms
2025-07-16 18:00:40.856 [RMI TCP Connection(7)-127.0.0.1] INFO  o.s.b.a.SpringApplicationAdminMXBeanRegistrar$SpringApplicationAdmin - Application shutdown requested.
2025-07-16 18:00:40.857 [RMI TCP Connection(7)-127.0.0.1] INFO  o.s.b.w.e.tomcat.GracefulShutdown - Commencing graceful shutdown. Waiting for active requests to complete
2025-07-16 18:00:41.035 [tomcat-shutdown] INFO  o.s.b.w.e.tomcat.GracefulShutdown - Graceful shutdown complete
2025-07-16 18:00:41.038 [RMI TCP Connection(7)-127.0.0.1] INFO  o.s.o.j.LocalContainerEntityManagerFactoryBean - Closing JPA EntityManagerFactory for persistence unit 'default'
2025-07-16 18:00:41.039 [RMI TCP Connection(7)-127.0.0.1] INFO  com.zaxxer.hikari.HikariDataSource - HikariPool-2 - Shutdown initiated...
2025-07-16 18:00:41.043 [RMI TCP Connection(7)-127.0.0.1] INFO  com.zaxxer.hikari.HikariDataSource - HikariPool-2 - Shutdown completed.
2025-07-16 18:00:43.020 [restartedMain] INFO  c.e.d.StepWithRemodelingApplication - Starting StepWithRemodelingApplication using Java 17.0.2 with PID 20884 (C:\sts\workspace\step_with_remodeling\bin\main started by somee in C:\sts\workspace\step_with_remodeling)
2025-07-16 18:00:43.023 [restartedMain] DEBUG c.e.d.StepWithRemodelingApplication - Running with Spring Boot v3.5.3, Spring v6.2.8
2025-07-16 18:00:43.023 [restartedMain] INFO  c.e.d.StepWithRemodelingApplication - No active profile set, falling back to 1 default profile: "default"
2025-07-16 18:00:43.078 [restartedMain] INFO  o.s.b.d.e.DevToolsPropertyDefaultsPostProcessor - Devtools property defaults active! Set 'spring.devtools.add-properties' to 'false' to disable
2025-07-16 18:00:43.079 [restartedMain] INFO  o.s.b.d.e.DevToolsPropertyDefaultsPostProcessor - For additional web related logging consider setting the 'logging.level.web' property to 'DEBUG'
2025-07-16 18:00:44.319 [restartedMain] INFO  o.s.d.r.c.RepositoryConfigurationDelegate - Bootstrapping Spring Data JPA repositories in DEFAULT mode.
2025-07-16 18:00:44.350 [restartedMain] INFO  o.s.d.r.c.RepositoryConfigurationDelegate - Finished Spring Data repository scanning in 19 ms. Found 0 JPA repository interfaces.
2025-07-16 18:00:44.898 [restartedMain] INFO  o.s.b.w.e.tomcat.TomcatWebServer - Tomcat initialized with port 8080 (http)
2025-07-16 18:00:44.915 [restartedMain] INFO  o.a.coyote.http11.Http11NioProtocol - Initializing ProtocolHandler ["http-nio-8080"]
2025-07-16 18:00:44.921 [restartedMain] INFO  o.a.catalina.core.StandardService - Starting service [Tomcat]
2025-07-16 18:00:44.928 [restartedMain] INFO  o.a.catalina.core.StandardEngine - Starting Servlet engine: [Apache Tomcat/10.1.42]
2025-07-16 18:00:45.001 [restartedMain] INFO  o.a.c.c.C.[Tomcat].[localhost].[/] - Initializing Spring embedded WebApplicationContext
2025-07-16 18:00:45.002 [restartedMain] INFO  o.s.b.w.s.c.ServletWebServerApplicationContext - Root WebApplicationContext: initialization completed in 1922 ms
2025-07-16 18:00:45.170 [restartedMain] INFO  o.h.jpa.internal.util.LogHelper - HHH000204: Processing PersistenceUnitInfo [name: default]
2025-07-16 18:00:45.231 [restartedMain] INFO  org.hibernate.Version - HHH000412: Hibernate ORM core version 6.6.18.Final
2025-07-16 18:00:45.267 [restartedMain] INFO  o.h.c.i.RegionFactoryInitiator - HHH000026: Second-level cache disabled
2025-07-16 18:00:45.576 [restartedMain] INFO  o.s.o.j.p.SpringPersistenceUnitInfo - No LoadTimeWeaver setup: ignoring JPA class transformer
2025-07-16 18:00:45.608 [restartedMain] INFO  com.zaxxer.hikari.HikariDataSource - HikariPool-1 - Starting...
2025-07-16 18:00:46.142 [restartedMain] INFO  com.zaxxer.hikari.pool.HikariPool - HikariPool-1 - Added connection com.mysql.cj.jdbc.ConnectionImpl@70eaa97e
2025-07-16 18:00:46.145 [restartedMain] INFO  com.zaxxer.hikari.HikariDataSource - HikariPool-1 - Start completed.
2025-07-16 18:00:46.206 [restartedMain] WARN  org.hibernate.orm.deprecation - HHH90000025: MySQL8Dialect does not need to be specified explicitly using 'hibernate.dialect' (remove the property setting and it will be selected by default)
2025-07-16 18:00:46.208 [restartedMain] WARN  org.hibernate.orm.deprecation - HHH90000026: MySQL8Dialect has been deprecated; use org.hibernate.dialect.MySQLDialect instead
2025-07-16 18:00:46.226 [restartedMain] INFO  o.hibernate.orm.connections.pooling - HHH10001005: Database info:
	Database JDBC URL [Connecting through datasource 'HikariDataSource (HikariPool-1)']
	Database driver: undefined/unknown
	Database version: 8.0
	Autocommit mode: undefined/unknown
	Isolation level: undefined/unknown
	Minimum pool size: undefined/unknown
	Maximum pool size: undefined/unknown
2025-07-16 18:00:46.538 [restartedMain] INFO  o.h.e.t.j.p.i.JtaPlatformInitiator - HHH000489: No JTA platform available (set 'hibernate.transaction.jta.platform' to enable JTA platform integration)
2025-07-16 18:00:46.543 [restartedMain] INFO  o.s.o.j.LocalContainerEntityManagerFactoryBean - Initialized JPA EntityManagerFactory for persistence unit 'default'
2025-07-16 18:00:46.749 [restartedMain] WARN  o.s.b.a.o.j.JpaBaseConfiguration$JpaWebConfiguration - spring.jpa.open-in-view is enabled by default. Therefore, database queries may be performed during view rendering. Explicitly configure spring.jpa.open-in-view to disable this warning
2025-07-16 18:00:46.799 [restartedMain] WARN  o.s.b.a.s.s.UserDetailsServiceAutoConfiguration - 

Using generated security password: f0a3affb-2c7d-44b4-b3d9-d55d3904d66e

This generated password is for development use only. Your security configuration must be updated before running your application in production.

2025-07-16 18:00:46.808 [restartedMain] INFO  o.s.s.c.a.a.c.InitializeUserDetailsBeanManagerConfigurer$InitializeUserDetailsManagerConfigurer - Global AuthenticationManager configured with UserDetailsService bean with name inMemoryUserDetailsManager
2025-07-16 18:00:47.166 [restartedMain] INFO  o.s.v.b.OptionalValidatorFactoryBean - Failed to set up a Bean Validation provider: jakarta.validation.NoProviderFoundException: Unable to create a Configuration, because no Jakarta Bean Validation provider could be found. Add a provider like Hibernate Validator (RI) to your classpath.
2025-07-16 18:00:47.570 [restartedMain] INFO  o.s.b.d.a.OptionalLiveReloadServer - LiveReload server is running on port 35729
2025-07-16 18:00:47.596 [restartedMain] INFO  o.a.coyote.http11.Http11NioProtocol - Starting ProtocolHandler ["http-nio-8080"]
2025-07-16 18:00:47.615 [restartedMain] INFO  o.s.b.w.e.tomcat.TomcatWebServer - Tomcat started on port 8080 (http) with context path '/'
2025-07-16 18:00:47.628 [restartedMain] INFO  c.e.d.StepWithRemodelingApplication - Started StepWithRemodelingApplication in 5.144 seconds (process running for 5.912)
2025-07-16 18:01:19.223 [File Watcher] INFO  o.s.b.d.a.LocalDevToolsAutoConfiguration$RestartingClassPathChangeChangedEventListener - Restarting due to 1 class path change (0 additions, 0 deletions, 1 modification)
2025-07-16 18:01:19.225 [Thread-5] INFO  o.s.b.w.e.tomcat.GracefulShutdown - Commencing graceful shutdown. Waiting for active requests to complete
2025-07-16 18:01:19.225 [tomcat-shutdown] INFO  o.a.coyote.http11.Http11NioProtocol - Pausing ProtocolHandler ["http-nio-8080"]
2025-07-16 18:01:19.469 [tomcat-shutdown] INFO  o.s.b.w.e.tomcat.GracefulShutdown - Graceful shutdown complete
2025-07-16 18:01:19.469 [Thread-5] INFO  o.a.coyote.http11.Http11NioProtocol - Stopping ProtocolHandler ["http-nio-8080"]
2025-07-16 18:01:19.474 [Thread-5] INFO  o.s.o.j.LocalContainerEntityManagerFactoryBean - Closing JPA EntityManagerFactory for persistence unit 'default'
2025-07-16 18:01:19.474 [Thread-5] INFO  com.zaxxer.hikari.HikariDataSource - HikariPool-1 - Shutdown initiated...
2025-07-16 18:01:19.501 [Thread-5] INFO  com.zaxxer.hikari.HikariDataSource - HikariPool-1 - Shutdown completed.
2025-07-16 18:01:19.634 [restartedMain] INFO  c.e.d.StepWithRemodelingApplication - Starting StepWithRemodelingApplication using Java 17.0.2 with PID 20884 (C:\sts\workspace\step_with_remodeling\bin\main started by somee in C:\sts\workspace\step_with_remodeling)
2025-07-16 18:01:19.634 [restartedMain] DEBUG c.e.d.StepWithRemodelingApplication - Running with Spring Boot v3.5.3, Spring v6.2.8
2025-07-16 18:01:19.634 [restartedMain] INFO  c.e.d.StepWithRemodelingApplication - No active profile set, falling back to 1 default profile: "default"
2025-07-16 18:01:20.151 [restartedMain] INFO  o.s.d.r.c.RepositoryConfigurationDelegate - Bootstrapping Spring Data JPA repositories in DEFAULT mode.
2025-07-16 18:01:20.173 [restartedMain] INFO  o.s.d.r.c.RepositoryConfigurationDelegate - Finished Spring Data repository scanning in 12 ms. Found 0 JPA repository interfaces.
2025-07-16 18:01:20.332 [restartedMain] INFO  o.s.b.w.e.tomcat.TomcatWebServer - Tomcat initialized with port 8080 (http)
2025-07-16 18:01:20.333 [restartedMain] INFO  o.a.coyote.http11.Http11NioProtocol - Initializing ProtocolHandler ["http-nio-8080"]
2025-07-16 18:01:20.333 [restartedMain] INFO  o.a.catalina.core.StandardService - Starting service [Tomcat]
2025-07-16 18:01:20.334 [restartedMain] INFO  o.a.catalina.core.StandardEngine - Starting Servlet engine: [Apache Tomcat/10.1.42]
2025-07-16 18:01:20.387 [restartedMain] INFO  o.a.c.c.C.[Tomcat].[localhost].[/] - Initializing Spring embedded WebApplicationContext
2025-07-16 18:01:20.387 [restartedMain] INFO  o.s.b.w.s.c.ServletWebServerApplicationContext - Root WebApplicationContext: initialization completed in 753 ms
2025-07-16 18:01:20.456 [restartedMain] INFO  o.h.jpa.internal.util.LogHelper - HHH000204: Processing PersistenceUnitInfo [name: default]
2025-07-16 18:01:20.460 [restartedMain] INFO  o.h.c.i.RegionFactoryInitiator - HHH000026: Second-level cache disabled
2025-07-16 18:01:20.473 [restartedMain] INFO  o.s.o.j.p.SpringPersistenceUnitInfo - No LoadTimeWeaver setup: ignoring JPA class transformer
2025-07-16 18:01:20.473 [restartedMain] INFO  com.zaxxer.hikari.HikariDataSource - HikariPool-2 - Starting...
2025-07-16 18:01:20.636 [restartedMain] INFO  com.zaxxer.hikari.pool.HikariPool - HikariPool-2 - Added connection com.mysql.cj.jdbc.ConnectionImpl@7fed956f
2025-07-16 18:01:20.636 [restartedMain] INFO  com.zaxxer.hikari.HikariDataSource - HikariPool-2 - Start completed.
2025-07-16 18:01:20.636 [restartedMain] WARN  org.hibernate.orm.deprecation - HHH90000025: MySQL8Dialect does not need to be specified explicitly using 'hibernate.dialect' (remove the property setting and it will be selected by default)
2025-07-16 18:01:20.636 [restartedMain] WARN  org.hibernate.orm.deprecation - HHH90000026: MySQL8Dialect has been deprecated; use org.hibernate.dialect.MySQLDialect instead
2025-07-16 18:01:20.636 [restartedMain] INFO  o.hibernate.orm.connections.pooling - HHH10001005: Database info:
	Database JDBC URL [Connecting through datasource 'HikariDataSource (HikariPool-2)']
	Database driver: undefined/unknown
	Database version: 8.0
	Autocommit mode: undefined/unknown
	Isolation level: undefined/unknown
	Minimum pool size: undefined/unknown
	Maximum pool size: undefined/unknown
2025-07-16 18:01:20.673 [restartedMain] INFO  o.h.e.t.j.p.i.JtaPlatformInitiator - HHH000489: No JTA platform available (set 'hibernate.transaction.jta.platform' to enable JTA platform integration)
2025-07-16 18:01:20.673 [restartedMain] INFO  o.s.o.j.LocalContainerEntityManagerFactoryBean - Initialized JPA EntityManagerFactory for persistence unit 'default'
2025-07-16 18:01:20.723 [restartedMain] WARN  o.s.b.a.o.j.JpaBaseConfiguration$JpaWebConfiguration - spring.jpa.open-in-view is enabled by default. Therefore, database queries may be performed during view rendering. Explicitly configure spring.jpa.open-in-view to disable this warning
2025-07-16 18:01:20.736 [restartedMain] WARN  o.s.b.a.s.s.UserDetailsServiceAutoConfiguration - 

Using generated security password: 79237a9d-7a08-47b1-b2b6-51aa16d872cb

This generated password is for development use only. Your security configuration must be updated before running your application in production.

2025-07-16 18:01:20.737 [restartedMain] INFO  o.s.s.c.a.a.c.InitializeUserDetailsBeanManagerConfigurer$InitializeUserDetailsManagerConfigurer - Global AuthenticationManager configured with UserDetailsService bean with name inMemoryUserDetailsManager
2025-07-16 18:01:20.873 [restartedMain] INFO  o.s.v.b.OptionalValidatorFactoryBean - Failed to set up a Bean Validation provider: jakarta.validation.NoProviderFoundException: Unable to create a Configuration, because no Jakarta Bean Validation provider could be found. Add a provider like Hibernate Validator (RI) to your classpath.
2025-07-16 18:01:21.073 [restartedMain] INFO  o.s.b.d.a.OptionalLiveReloadServer - LiveReload server is running on port 35729
2025-07-16 18:01:21.094 [restartedMain] INFO  o.a.coyote.http11.Http11NioProtocol - Starting ProtocolHandler ["http-nio-8080"]
2025-07-16 18:01:21.126 [restartedMain] INFO  o.s.b.w.e.tomcat.TomcatWebServer - Tomcat started on port 8080 (http) with context path '/'
2025-07-16 18:01:21.142 [restartedMain] INFO  c.e.d.StepWithRemodelingApplication - Started StepWithRemodelingApplication in 1.556 seconds (process running for 39.427)
2025-07-16 18:01:21.142 [restartedMain] INFO  o.s.b.d.a.ConditionEvaluationDeltaLoggingListener - Condition evaluation unchanged
2025-07-16 18:01:37.521 [File Watcher] INFO  o.s.b.d.a.LocalDevToolsAutoConfiguration$RestartingClassPathChangeChangedEventListener - Restarting due to 1 class path change (0 additions, 0 deletions, 1 modification)
2025-07-16 18:01:37.523 [Thread-7] INFO  o.s.b.w.e.tomcat.GracefulShutdown - Commencing graceful shutdown. Waiting for active requests to complete
2025-07-16 18:01:37.523 [tomcat-shutdown] INFO  o.a.coyote.http11.Http11NioProtocol - Pausing ProtocolHandler ["http-nio-8080"]
2025-07-16 18:01:37.715 [tomcat-shutdown] INFO  o.s.b.w.e.tomcat.GracefulShutdown - Graceful shutdown complete
2025-07-16 18:01:37.715 [Thread-7] INFO  o.a.coyote.http11.Http11NioProtocol - Stopping ProtocolHandler ["http-nio-8080"]
2025-07-16 18:01:37.719 [Thread-7] INFO  o.s.o.j.LocalContainerEntityManagerFactoryBean - Closing JPA EntityManagerFactory for persistence unit 'default'
2025-07-16 18:01:37.719 [Thread-7] INFO  com.zaxxer.hikari.HikariDataSource - HikariPool-2 - Shutdown initiated...
2025-07-16 18:01:37.723 [Thread-7] INFO  com.zaxxer.hikari.HikariDataSource - HikariPool-2 - Shutdown completed.
2025-07-16 18:54:30.604 [restartedMain] [INFO] c.e.d.StepWithRemodelingApplication - Starting StepWithRemodelingApplication using Java 17.0.2 with PID 10528 (C:\sts\workspace\step_with_remodeling\bin\main started by somee in C:\sts\workspace\step_with_remodeling)
2025-07-16 18:54:30.607 [restartedMain] [INFO] c.e.d.StepWithRemodelingApplication - No active profile set, falling back to 1 default profile: "default"
2025-07-16 18:54:30.662 [restartedMain] [INFO] o.s.b.d.e.DevToolsPropertyDefaultsPostProcessor - Devtools property defaults active! Set 'spring.devtools.add-properties' to 'false' to disable
2025-07-16 18:54:30.662 [restartedMain] [INFO] o.s.b.d.e.DevToolsPropertyDefaultsPostProcessor - For additional web related logging consider setting the 'logging.level.web' property to 'DEBUG'
2025-07-16 18:54:31.818 [restartedMain] [INFO] o.s.d.r.c.RepositoryConfigurationDelegate - Bootstrapping Spring Data JPA repositories in DEFAULT mode.
2025-07-16 18:54:31.846 [restartedMain] [INFO] o.s.d.r.c.RepositoryConfigurationDelegate - Finished Spring Data repository scanning in 18 ms. Found 0 JPA repository interfaces.
2025-07-16 18:54:32.397 [restartedMain] [INFO] o.s.b.w.e.t.TomcatWebServer - Tomcat initialized with port 8080 (http)
2025-07-16 18:54:32.413 [restartedMain] [INFO] o.a.c.h.Http11NioProtocol - Initializing ProtocolHandler ["http-nio-8080"]
2025-07-16 18:54:32.416 [restartedMain] [INFO] o.a.c.c.StandardService - Starting service [Tomcat]
2025-07-16 18:54:32.416 [restartedMain] [INFO] o.a.c.c.StandardEngine - Starting Servlet engine: [Apache Tomcat/10.1.42]
2025-07-16 18:54:32.494 [restartedMain] [INFO] o.a.c.c.C.[.[.[/] - Initializing Spring embedded WebApplicationContext
2025-07-16 18:54:32.495 [restartedMain] [INFO] o.s.b.w.s.c.ServletWebServerApplicationContext - Root WebApplicationContext: initialization completed in 1833 ms
2025-07-16 18:54:32.655 [restartedMain] [INFO] o.h.j.i.u.LogHelper - HHH000204: Processing PersistenceUnitInfo [name: default]
2025-07-16 18:54:32.713 [restartedMain] [INFO] o.h.Version - HHH000412: Hibernate ORM core version 6.6.18.Final
2025-07-16 18:54:32.746 [restartedMain] [INFO] o.h.c.i.RegionFactoryInitiator - HHH000026: Second-level cache disabled
2025-07-16 18:54:33.020 [restartedMain] [INFO] o.s.o.j.p.SpringPersistenceUnitInfo - No LoadTimeWeaver setup: ignoring JPA class transformer
2025-07-16 18:54:33.057 [restartedMain] [INFO] c.z.h.HikariDataSource - HikariPool-1 - Starting...
2025-07-16 18:54:33.508 [restartedMain] [INFO] c.z.h.p.HikariPool - HikariPool-1 - Added connection com.mysql.cj.jdbc.ConnectionImpl@5999f0fc
2025-07-16 18:54:33.511 [restartedMain] [INFO] c.z.h.HikariDataSource - HikariPool-1 - Start completed.
2025-07-16 18:54:33.574 [restartedMain] [WARN] o.h.o.deprecation - HHH90000025: MySQL8Dialect does not need to be specified explicitly using 'hibernate.dialect' (remove the property setting and it will be selected by default)
2025-07-16 18:54:33.575 [restartedMain] [WARN] o.h.o.deprecation - HHH90000026: MySQL8Dialect has been deprecated; use org.hibernate.dialect.MySQLDialect instead
2025-07-16 18:54:33.595 [restartedMain] [INFO] o.h.o.c.pooling - HHH10001005: Database info:
	Database JDBC URL [Connecting through datasource 'HikariDataSource (HikariPool-1)']
	Database driver: undefined/unknown
	Database version: 8.0
	Autocommit mode: undefined/unknown
	Isolation level: undefined/unknown
	Minimum pool size: undefined/unknown
	Maximum pool size: undefined/unknown
2025-07-16 18:54:33.907 [restartedMain] [INFO] o.h.e.t.j.p.i.JtaPlatformInitiator - HHH000489: No JTA platform available (set 'hibernate.transaction.jta.platform' to enable JTA platform integration)
2025-07-16 18:54:33.912 [restartedMain] [INFO] o.s.o.j.LocalContainerEntityManagerFactoryBean - Initialized JPA EntityManagerFactory for persistence unit 'default'
2025-07-16 18:54:34.139 [restartedMain] [WARN] o.s.b.a.o.j.JpaBaseConfiguration$JpaWebConfiguration - spring.jpa.open-in-view is enabled by default. Therefore, database queries may be performed during view rendering. Explicitly configure spring.jpa.open-in-view to disable this warning
2025-07-16 18:54:34.174 [restartedMain] [WARN] o.s.b.a.s.s.UserDetailsServiceAutoConfiguration - 

Using generated security password: 4c3b9073-ab30-4bb7-82b4-cbcb229215e8

This generated password is for development use only. Your security configuration must be updated before running your application in production.

2025-07-16 18:54:34.180 [restartedMain] [INFO] o.s.s.c.a.a.c.InitializeUserDetailsBeanManagerConfigurer$InitializeUserDetailsManagerConfigurer - Global AuthenticationManager configured with UserDetailsService bean with name inMemoryUserDetailsManager
2025-07-16 18:54:34.526 [restartedMain] [INFO] o.s.v.b.OptionalValidatorFactoryBean - Failed to set up a Bean Validation provider: jakarta.validation.NoProviderFoundException: Unable to create a Configuration, because no Jakarta Bean Validation provider could be found. Add a provider like Hibernate Validator (RI) to your classpath.
2025-07-16 18:54:34.894 [restartedMain] [INFO] o.s.b.d.a.OptionalLiveReloadServer - LiveReload server is running on port 35729
2025-07-16 18:54:34.920 [restartedMain] [INFO] o.a.c.h.Http11NioProtocol - Starting ProtocolHandler ["http-nio-8080"]
2025-07-16 18:54:34.948 [restartedMain] [INFO] o.s.b.w.e.t.TomcatWebServer - Tomcat started on port 8080 (http) with context path '/'
2025-07-16 18:54:34.960 [restartedMain] [INFO] c.e.d.StepWithRemodelingApplication - Started StepWithRemodelingApplication in 4.885 seconds (process running for 5.649)
2025-07-16 18:54:40.724 [File Watcher] [INFO] o.s.b.d.a.LocalDevToolsAutoConfiguration$RestartingClassPathChangeChangedEventListener - Restarting due to 1 class path change (0 additions, 0 deletions, 1 modification)
2025-07-16 18:54:40.729 [Thread-6] [INFO] o.s.b.w.e.t.GracefulShutdown - Commencing graceful shutdown. Waiting for active requests to complete
2025-07-16 18:54:40.730 [tomcat-shutdown] [INFO] o.a.c.h.Http11NioProtocol - Pausing ProtocolHandler ["http-nio-8080"]
2025-07-16 18:54:40.931 [tomcat-shutdown] [INFO] o.s.b.w.e.t.GracefulShutdown - Graceful shutdown complete
2025-07-16 18:54:40.931 [Thread-6] [INFO] o.a.c.h.Http11NioProtocol - Stopping ProtocolHandler ["http-nio-8080"]
2025-07-16 18:54:40.936 [Thread-6] [INFO] o.s.o.j.LocalContainerEntityManagerFactoryBean - Closing JPA EntityManagerFactory for persistence unit 'default'
2025-07-16 18:54:40.939 [Thread-6] [INFO] c.z.h.HikariDataSource - HikariPool-1 - Shutdown initiated...
2025-07-16 18:54:40.952 [Thread-6] [INFO] c.z.h.HikariDataSource - HikariPool-1 - Shutdown completed.
2025-07-16 18:54:41.039 [restartedMain] [INFO] c.e.d.StepWithRemodelingApplication - Starting StepWithRemodelingApplication using Java 17.0.2 with PID 10528 (C:\sts\workspace\step_with_remodeling\bin\main started by somee in C:\sts\workspace\step_with_remodeling)
2025-07-16 18:54:41.040 [restartedMain] [INFO] c.e.d.StepWithRemodelingApplication - No active profile set, falling back to 1 default profile: "default"
2025-07-16 18:54:41.312 [restartedMain] [INFO] o.s.d.r.c.RepositoryConfigurationDelegate - Bootstrapping Spring Data JPA repositories in DEFAULT mode.
2025-07-16 18:54:41.322 [restartedMain] [INFO] o.s.d.r.c.RepositoryConfigurationDelegate - Finished Spring Data repository scanning in 8 ms. Found 0 JPA repository interfaces.
2025-07-16 18:54:41.414 [restartedMain] [INFO] o.s.b.w.e.t.TomcatWebServer - Tomcat initialized with port 8080 (http)
2025-07-16 18:54:41.415 [restartedMain] [INFO] o.a.c.h.Http11NioProtocol - Initializing ProtocolHandler ["http-nio-8080"]
2025-07-16 18:54:41.415 [restartedMain] [INFO] o.a.c.c.StandardService - Starting service [Tomcat]
2025-07-16 18:54:41.415 [restartedMain] [INFO] o.a.c.c.StandardEngine - Starting Servlet engine: [Apache Tomcat/10.1.42]
2025-07-16 18:54:41.453 [restartedMain] [INFO] o.a.c.c.C.[.[.[/] - Initializing Spring embedded WebApplicationContext
2025-07-16 18:54:41.454 [restartedMain] [INFO] o.s.b.w.s.c.ServletWebServerApplicationContext - Root WebApplicationContext: initialization completed in 411 ms
2025-07-16 18:54:41.494 [restartedMain] [INFO] o.h.j.i.u.LogHelper - HHH000204: Processing PersistenceUnitInfo [name: default]
2025-07-16 18:54:41.498 [restartedMain] [INFO] o.h.c.i.RegionFactoryInitiator - HHH000026: Second-level cache disabled
2025-07-16 18:54:41.513 [restartedMain] [INFO] o.s.o.j.p.SpringPersistenceUnitInfo - No LoadTimeWeaver setup: ignoring JPA class transformer
2025-07-16 18:54:41.515 [restartedMain] [INFO] c.z.h.HikariDataSource - HikariPool-2 - Starting...
2025-07-16 18:54:41.627 [restartedMain] [INFO] c.z.h.p.HikariPool - HikariPool-2 - Added connection com.mysql.cj.jdbc.ConnectionImpl@7db158b6
2025-07-16 18:54:41.628 [restartedMain] [INFO] c.z.h.HikariDataSource - HikariPool-2 - Start completed.
2025-07-16 18:54:41.629 [restartedMain] [WARN] o.h.o.deprecation - HHH90000025: MySQL8Dialect does not need to be specified explicitly using 'hibernate.dialect' (remove the property setting and it will be selected by default)
2025-07-16 18:54:41.629 [restartedMain] [WARN] o.h.o.deprecation - HHH90000026: MySQL8Dialect has been deprecated; use org.hibernate.dialect.MySQLDialect instead
2025-07-16 18:54:41.629 [restartedMain] [INFO] o.h.o.c.pooling - HHH10001005: Database info:
	Database JDBC URL [Connecting through datasource 'HikariDataSource (HikariPool-2)']
	Database driver: undefined/unknown
	Database version: 8.0
	Autocommit mode: undefined/unknown
	Isolation level: undefined/unknown
	Minimum pool size: undefined/unknown
	Maximum pool size: undefined/unknown
2025-07-16 18:54:41.654 [restartedMain] [INFO] o.h.e.t.j.p.i.JtaPlatformInitiator - HHH000489: No JTA platform available (set 'hibernate.transaction.jta.platform' to enable JTA platform integration)
2025-07-16 18:54:41.654 [restartedMain] [INFO] o.s.o.j.LocalContainerEntityManagerFactoryBean - Initialized JPA EntityManagerFactory for persistence unit 'default'
2025-07-16 18:54:41.685 [restartedMain] [WARN] o.s.b.a.o.j.JpaBaseConfiguration$JpaWebConfiguration - spring.jpa.open-in-view is enabled by default. Therefore, database queries may be performed during view rendering. Explicitly configure spring.jpa.open-in-view to disable this warning
2025-07-16 18:54:41.693 [restartedMain] [WARN] o.s.b.a.s.s.UserDetailsServiceAutoConfiguration - 

Using generated security password: c5af9cc7-0e3d-48d5-ae37-24e0a7ec8d1e

This generated password is for development use only. Your security configuration must be updated before running your application in production.

2025-07-16 18:54:41.694 [restartedMain] [INFO] o.s.s.c.a.a.c.InitializeUserDetailsBeanManagerConfigurer$InitializeUserDetailsManagerConfigurer - Global AuthenticationManager configured with UserDetailsService bean with name inMemoryUserDetailsManager
2025-07-16 18:54:41.784 [restartedMain] [INFO] o.s.v.b.OptionalValidatorFactoryBean - Failed to set up a Bean Validation provider: jakarta.validation.NoProviderFoundException: Unable to create a Configuration, because no Jakarta Bean Validation provider could be found. Add a provider like Hibernate Validator (RI) to your classpath.
2025-07-16 18:54:41.863 [restartedMain] [INFO] o.s.b.d.a.OptionalLiveReloadServer - LiveReload server is running on port 35729
2025-07-16 18:54:41.872 [restartedMain] [INFO] o.a.c.h.Http11NioProtocol - Starting ProtocolHandler ["http-nio-8080"]
2025-07-16 18:54:41.877 [restartedMain] [INFO] o.s.b.w.e.t.TomcatWebServer - Tomcat started on port 8080 (http) with context path '/'
2025-07-16 18:54:41.885 [restartedMain] [INFO] c.e.d.StepWithRemodelingApplication - Started StepWithRemodelingApplication in 0.88 seconds (process running for 12.575)
2025-07-16 18:54:41.889 [restartedMain] [INFO] o.s.b.d.a.ConditionEvaluationDeltaLoggingListener - Condition evaluation unchanged
2025-07-16 20:00:21.830 [http-nio-8080-exec-1] [INFO] o.a.c.c.C.[.[.[/] - Initializing Spring DispatcherServlet 'dispatcherServlet'
2025-07-16 20:00:21.830 [http-nio-8080-exec-1] [INFO] o.s.w.s.DispatcherServlet - Initializing Servlet 'dispatcherServlet'
2025-07-16 20:00:21.845 [http-nio-8080-exec-1] [INFO] o.s.w.s.DispatcherServlet - Completed initialization in 15 ms
2025-07-16 20:00:33.721 [RMI TCP Connection(73)-127.0.0.1] [INFO] o.s.b.a.SpringApplicationAdminMXBeanRegistrar$SpringApplicationAdmin - Application shutdown requested.
2025-07-16 20:00:33.724 [RMI TCP Connection(73)-127.0.0.1] [INFO] o.s.b.w.e.t.GracefulShutdown - Commencing graceful shutdown. Waiting for active requests to complete
2025-07-16 20:00:33.724 [tomcat-shutdown] [INFO] o.a.c.h.Http11NioProtocol - Pausing ProtocolHandler ["http-nio-8080"]
2025-07-16 20:00:34.010 [tomcat-shutdown] [INFO] o.s.b.w.e.t.GracefulShutdown - Graceful shutdown complete
2025-07-16 20:00:34.010 [RMI TCP Connection(73)-127.0.0.1] [INFO] o.a.c.h.Http11NioProtocol - Stopping ProtocolHandler ["http-nio-8080"]
2025-07-16 20:00:34.016 [RMI TCP Connection(73)-127.0.0.1] [INFO] o.s.o.j.LocalContainerEntityManagerFactoryBean - Closing JPA EntityManagerFactory for persistence unit 'default'
2025-07-16 20:00:34.016 [RMI TCP Connection(73)-127.0.0.1] [INFO] c.z.h.HikariDataSource - HikariPool-2 - Shutdown initiated...
2025-07-16 20:00:34.030 [RMI TCP Connection(73)-127.0.0.1] [INFO] c.z.h.HikariDataSource - HikariPool-2 - Shutdown completed.
