2025-09-15 17:45:49.531 [Test worker] [INFO] c.e.d.StepWithRemodelingApplicationTests - Starting StepWithRemodelingApplicationTests using Java 17.0.2 with PID 16276 (started by somee in C:\sts\workspace\step_with_remodeling)
2025-09-15 17:45:49.537 [Test worker] [INFO] c.e.d.StepWithRemodelingApplicationTests - No active profile set, falling back to 1 default profile: "default"
2025-09-15 17:45:50.561 [Test worker] [INFO] o.s.d.r.c.RepositoryConfigurationDelegate - Multiple Spring Data modules found, entering strict repository configuration mode
2025-09-15 17:45:50.563 [Test worker] [INFO] o.s.d.r.c.RepositoryConfigurationDelegate - Bootstrapping Spring Data Redis repositories in DEFAULT mode.
2025-09-15 17:45:50.616 [Test worker] [INFO] o.s.d.r.c.RepositoryConfigurationDelegate - Finished Spring Data repository scanning in 12 ms. Found 0 Redis repository interfaces.
2025-09-15 17:45:51.870 [Test worker] [INFO] o.s.d.r.c.RepositoryConfigurationDelegate - Multiple Spring Data modules found, entering strict repository configuration mode
2025-09-15 17:45:51.875 [Test worker] [INFO] o.s.d.r.c.RepositoryConfigurationDelegate - Bootstrapping Spring Data JPA repositories in DEFAULT mode.
2025-09-15 17:45:52.146 [Test worker] [INFO] o.s.d.r.c.RepositoryConfigurationDelegate - Finished Spring Data repository scanning in 259 ms. Found 1 JPA repository interface.
2025-09-15 17:45:52.168 [Test worker] [INFO] o.s.d.r.c.RepositoryConfigurationDelegate - Multiple Spring Data modules found, entering strict repository configuration mode
2025-09-15 17:45:52.168 [Test worker] [INFO] o.s.d.r.c.RepositoryConfigurationDelegate - Bootstrapping Spring Data Redis repositories in DEFAULT mode.
2025-09-15 17:45:52.182 [Test worker] [INFO] o.s.d.r.c.RepositoryConfigurationExtensionSupport - Spring Data Redis - Could not safely identify store assignment for repository candidate interface com.example.demo.user.UserRepository; If you want this repository to be a Redis repository, consider annotating your entities with one of these annotations: org.springframework.data.redis.core.RedisHash (preferred), or consider extending one of the following types with your repository: org.springframework.data.keyvalue.repository.KeyValueRepository
2025-09-15 17:45:52.183 [Test worker] [INFO] o.s.d.r.c.RepositoryConfigurationDelegate - Finished Spring Data repository scanning in 12 ms. Found 0 Redis repository interfaces.
2025-09-15 17:45:53.392 [Test worker] [INFO] o.h.j.i.u.LogHelper - HHH000204: Processing PersistenceUnitInfo [name: default]
2025-09-15 17:45:53.530 [Test worker] [INFO] o.h.Version - HHH000412: Hibernate ORM core version 6.6.18.Final
2025-09-15 17:45:53.612 [Test worker] [INFO] o.h.c.i.RegionFactoryInitiator - HHH000026: Second-level cache disabled
2025-09-15 17:45:54.261 [Test worker] [INFO] o.s.o.j.p.SpringPersistenceUnitInfo - No LoadTimeWeaver setup: ignoring JPA class transformer
2025-09-15 17:45:54.336 [Test worker] [INFO] c.z.h.HikariDataSource - HikariPool-1 - Starting...
2025-09-15 17:45:55.047 [Test worker] [INFO] c.z.h.p.HikariPool - HikariPool-1 - Added connection com.mysql.cj.jdbc.ConnectionImpl@64a8851a
2025-09-15 17:45:55.049 [Test worker] [INFO] c.z.h.HikariDataSource - HikariPool-1 - Start completed.
2025-09-15 17:45:55.130 [Test worker] [WARN] o.h.o.deprecation - HHH90000025: MySQL8Dialect does not need to be specified explicitly using 'hibernate.dialect' (remove the property setting and it will be selected by default)
2025-09-15 17:45:55.130 [Test worker] [WARN] o.h.o.deprecation - HHH90000026: MySQL8Dialect has been deprecated; use org.hibernate.dialect.MySQLDialect instead
2025-09-15 17:45:55.188 [Test worker] [INFO] o.h.o.c.pooling - HHH10001005: Database info:
	Database JDBC URL [Connecting through datasource 'HikariDataSource (HikariPool-1)']
	Database driver: undefined/unknown
	Database version: 8.0
	Autocommit mode: undefined/unknown
	Isolation level: undefined/unknown
	Minimum pool size: undefined/unknown
	Maximum pool size: undefined/unknown
2025-09-15 17:45:56.704 [Test worker] [INFO] o.h.e.t.j.p.i.JtaPlatformInitiator - HHH000489: No JTA platform available (set 'hibernate.transaction.jta.platform' to enable JTA platform integration)
2025-09-15 17:45:56.868 [Test worker] [INFO] o.s.o.j.LocalContainerEntityManagerFactoryBean - Initialized JPA EntityManagerFactory for persistence unit 'default'
2025-09-15 17:45:58.582 [Test worker] [WARN] o.s.b.a.o.j.JpaBaseConfiguration$JpaWebConfiguration - spring.jpa.open-in-view is enabled by default. Therefore, database queries may be performed during view rendering. Explicitly configure spring.jpa.open-in-view to disable this warning
2025-09-15 17:45:58.655 [Test worker] [WARN] o.s.b.a.s.s.UserDetailsServiceAutoConfiguration - 

Using generated security password: 280ec7b8-2640-4313-8ef6-92de4a02e4d6

This generated password is for development use only. Your security configuration must be updated before running your application in production.

2025-09-15 17:45:58.677 [Test worker] [INFO] o.s.s.c.a.a.c.InitializeUserDetailsBeanManagerConfigurer$InitializeUserDetailsManagerConfigurer - Global AuthenticationManager configured with UserDetailsService bean with name inMemoryUserDetailsManager
2025-09-15 17:45:59.629 [Test worker] [INFO] o.s.v.b.OptionalValidatorFactoryBean - Failed to set up a Bean Validation provider: jakarta.validation.NoProviderFoundException: Unable to create a Configuration, because no Jakarta Bean Validation provider could be found. Add a provider like Hibernate Validator (RI) to your classpath.
2025-09-15 17:46:00.336 [Test worker] [INFO] c.e.d.StepWithRemodelingApplicationTests - Started StepWithRemodelingApplicationTests in 11.722 seconds (process running for 13.577)
2025-09-15 17:46:01.308 [SpringApplicationShutdownHook] [INFO] o.s.o.j.LocalContainerEntityManagerFactoryBean - Closing JPA EntityManagerFactory for persistence unit 'default'
2025-09-15 17:46:01.311 [SpringApplicationShutdownHook] [INFO] c.z.h.HikariDataSource - HikariPool-1 - Shutdown initiated...
2025-09-15 17:46:01.327 [SpringApplicationShutdownHook] [INFO] c.z.h.HikariDataSource - HikariPool-1 - Shutdown completed.
2025-09-15 17:56:16.776 [Test worker] [INFO] c.e.d.StepWithRemodelingApplicationTests - Starting StepWithRemodelingApplicationTests using Java 17.0.2 with PID 3656 (started by somee in C:\sts\workspace\step_with_remodeling)
2025-09-15 17:56:16.778 [Test worker] [INFO] c.e.d.StepWithRemodelingApplicationTests - No active profile set, falling back to 1 default profile: "default"
2025-09-15 17:56:17.629 [Test worker] [INFO] o.s.d.r.c.RepositoryConfigurationDelegate - Multiple Spring Data modules found, entering strict repository configuration mode
2025-09-15 17:56:17.630 [Test worker] [INFO] o.s.d.r.c.RepositoryConfigurationDelegate - Bootstrapping Spring Data Redis repositories in DEFAULT mode.
2025-09-15 17:56:17.660 [Test worker] [INFO] o.s.d.r.c.RepositoryConfigurationDelegate - Finished Spring Data repository scanning in 8 ms. Found 0 Redis repository interfaces.
2025-09-15 17:56:18.574 [Test worker] [INFO] o.s.d.r.c.RepositoryConfigurationDelegate - Multiple Spring Data modules found, entering strict repository configuration mode
2025-09-15 17:56:18.576 [Test worker] [INFO] o.s.d.r.c.RepositoryConfigurationDelegate - Bootstrapping Spring Data JPA repositories in DEFAULT mode.
2025-09-15 17:56:18.784 [Test worker] [INFO] o.s.d.r.c.RepositoryConfigurationDelegate - Finished Spring Data repository scanning in 201 ms. Found 1 JPA repository interface.
2025-09-15 17:56:18.794 [Test worker] [INFO] o.s.d.r.c.RepositoryConfigurationDelegate - Multiple Spring Data modules found, entering strict repository configuration mode
2025-09-15 17:56:18.795 [Test worker] [INFO] o.s.d.r.c.RepositoryConfigurationDelegate - Bootstrapping Spring Data Redis repositories in DEFAULT mode.
2025-09-15 17:56:18.808 [Test worker] [INFO] o.s.d.r.c.RepositoryConfigurationExtensionSupport - Spring Data Redis - Could not safely identify store assignment for repository candidate interface com.example.demo.user.UserRepository; If you want this repository to be a Redis repository, consider annotating your entities with one of these annotations: org.springframework.data.redis.core.RedisHash (preferred), or consider extending one of the following types with your repository: org.springframework.data.keyvalue.repository.KeyValueRepository
2025-09-15 17:56:18.808 [Test worker] [INFO] o.s.d.r.c.RepositoryConfigurationDelegate - Finished Spring Data repository scanning in 11 ms. Found 0 Redis repository interfaces.
2025-09-15 17:56:19.538 [Test worker] [INFO] o.h.j.i.u.LogHelper - HHH000204: Processing PersistenceUnitInfo [name: default]
2025-09-15 17:56:19.615 [Test worker] [INFO] o.h.Version - HHH000412: Hibernate ORM core version 6.6.18.Final
2025-09-15 17:56:19.667 [Test worker] [INFO] o.h.c.i.RegionFactoryInitiator - HHH000026: Second-level cache disabled
2025-09-15 17:56:20.096 [Test worker] [INFO] o.s.o.j.p.SpringPersistenceUnitInfo - No LoadTimeWeaver setup: ignoring JPA class transformer
2025-09-15 17:56:20.145 [Test worker] [INFO] c.z.h.HikariDataSource - HikariPool-1 - Starting...
2025-09-15 17:56:20.784 [Test worker] [INFO] c.z.h.p.HikariPool - HikariPool-1 - Added connection com.mysql.cj.jdbc.ConnectionImpl@1259b2a5
2025-09-15 17:56:20.787 [Test worker] [INFO] c.z.h.HikariDataSource - HikariPool-1 - Start completed.
2025-09-15 17:56:20.848 [Test worker] [WARN] o.h.o.deprecation - HHH90000025: MySQL8Dialect does not need to be specified explicitly using 'hibernate.dialect' (remove the property setting and it will be selected by default)
2025-09-15 17:56:20.850 [Test worker] [WARN] o.h.o.deprecation - HHH90000026: MySQL8Dialect has been deprecated; use org.hibernate.dialect.MySQLDialect instead
2025-09-15 17:56:20.880 [Test worker] [INFO] o.h.o.c.pooling - HHH10001005: Database info:
	Database JDBC URL [Connecting through datasource 'HikariDataSource (HikariPool-1)']
	Database driver: undefined/unknown
	Database version: 8.0
	Autocommit mode: undefined/unknown
	Isolation level: undefined/unknown
	Minimum pool size: undefined/unknown
	Maximum pool size: undefined/unknown
2025-09-15 17:56:22.066 [Test worker] [INFO] o.h.e.t.j.p.i.JtaPlatformInitiator - HHH000489: No JTA platform available (set 'hibernate.transaction.jta.platform' to enable JTA platform integration)
2025-09-15 17:56:22.153 [Test worker] [INFO] o.s.o.j.LocalContainerEntityManagerFactoryBean - Initialized JPA EntityManagerFactory for persistence unit 'default'
2025-09-15 17:56:23.390 [Test worker] [WARN] o.s.b.a.o.j.JpaBaseConfiguration$JpaWebConfiguration - spring.jpa.open-in-view is enabled by default. Therefore, database queries may be performed during view rendering. Explicitly configure spring.jpa.open-in-view to disable this warning
2025-09-15 17:56:23.448 [Test worker] [WARN] o.s.b.a.s.s.UserDetailsServiceAutoConfiguration - 

Using generated security password: b333a4e0-ee1a-4265-8a32-b238b4bbb588

This generated password is for development use only. Your security configuration must be updated before running your application in production.

2025-09-15 17:56:23.461 [Test worker] [INFO] o.s.s.c.a.a.c.InitializeUserDetailsBeanManagerConfigurer$InitializeUserDetailsManagerConfigurer - Global AuthenticationManager configured with UserDetailsService bean with name inMemoryUserDetailsManager
2025-09-15 17:56:24.229 [Test worker] [INFO] o.s.v.b.OptionalValidatorFactoryBean - Failed to set up a Bean Validation provider: jakarta.validation.NoProviderFoundException: Unable to create a Configuration, because no Jakarta Bean Validation provider could be found. Add a provider like Hibernate Validator (RI) to your classpath.
2025-09-15 17:56:24.825 [Test worker] [INFO] c.e.d.StepWithRemodelingApplicationTests - Started StepWithRemodelingApplicationTests in 8.794 seconds (process running for 10.596)
2025-09-15 17:56:25.656 [SpringApplicationShutdownHook] [INFO] o.s.o.j.LocalContainerEntityManagerFactoryBean - Closing JPA EntityManagerFactory for persistence unit 'default'
2025-09-15 17:56:25.660 [SpringApplicationShutdownHook] [INFO] c.z.h.HikariDataSource - HikariPool-1 - Shutdown initiated...
2025-09-15 17:56:25.677 [SpringApplicationShutdownHook] [INFO] c.z.h.HikariDataSource - HikariPool-1 - Shutdown completed.
2025-09-15 18:00:00.388 [Test worker] [INFO] c.e.d.StepWithRemodelingApplicationTests - Starting StepWithRemodelingApplicationTests using Java 17.0.2 with PID 12296 (started by somee in C:\sts\workspace\step_with_remodeling)
2025-09-15 18:00:00.390 [Test worker] [INFO] c.e.d.StepWithRemodelingApplicationTests - No active profile set, falling back to 1 default profile: "default"
2025-09-15 18:00:01.317 [Test worker] [INFO] o.s.d.r.c.RepositoryConfigurationDelegate - Multiple Spring Data modules found, entering strict repository configuration mode
2025-09-15 18:00:01.318 [Test worker] [INFO] o.s.d.r.c.RepositoryConfigurationDelegate - Bootstrapping Spring Data Redis repositories in DEFAULT mode.
2025-09-15 18:00:01.351 [Test worker] [INFO] o.s.d.r.c.RepositoryConfigurationDelegate - Finished Spring Data repository scanning in 8 ms. Found 0 Redis repository interfaces.
2025-09-15 18:00:02.501 [Test worker] [INFO] o.s.d.r.c.RepositoryConfigurationDelegate - Multiple Spring Data modules found, entering strict repository configuration mode
2025-09-15 18:00:02.507 [Test worker] [INFO] o.s.d.r.c.RepositoryConfigurationDelegate - Bootstrapping Spring Data JPA repositories in DEFAULT mode.
2025-09-15 18:00:02.855 [Test worker] [INFO] o.s.d.r.c.RepositoryConfigurationDelegate - Finished Spring Data repository scanning in 337 ms. Found 1 JPA repository interface.
2025-09-15 18:00:02.873 [Test worker] [INFO] o.s.d.r.c.RepositoryConfigurationDelegate - Multiple Spring Data modules found, entering strict repository configuration mode
2025-09-15 18:00:02.874 [Test worker] [INFO] o.s.d.r.c.RepositoryConfigurationDelegate - Bootstrapping Spring Data Redis repositories in DEFAULT mode.
2025-09-15 18:00:02.890 [Test worker] [INFO] o.s.d.r.c.RepositoryConfigurationExtensionSupport - Spring Data Redis - Could not safely identify store assignment for repository candidate interface com.example.demo.user.UserRepository; If you want this repository to be a Redis repository, consider annotating your entities with one of these annotations: org.springframework.data.redis.core.RedisHash (preferred), or consider extending one of the following types with your repository: org.springframework.data.keyvalue.repository.KeyValueRepository
2025-09-15 18:00:02.890 [Test worker] [INFO] o.s.d.r.c.RepositoryConfigurationDelegate - Finished Spring Data repository scanning in 14 ms. Found 0 Redis repository interfaces.
2025-09-15 18:00:03.849 [Test worker] [INFO] o.h.j.i.u.LogHelper - HHH000204: Processing PersistenceUnitInfo [name: default]
2025-09-15 18:00:03.948 [Test worker] [INFO] o.h.Version - HHH000412: Hibernate ORM core version 6.6.18.Final
2025-09-15 18:00:04.028 [Test worker] [INFO] o.h.c.i.RegionFactoryInitiator - HHH000026: Second-level cache disabled
2025-09-15 18:00:04.611 [Test worker] [INFO] o.s.o.j.p.SpringPersistenceUnitInfo - No LoadTimeWeaver setup: ignoring JPA class transformer
2025-09-15 18:00:04.689 [Test worker] [INFO] c.z.h.HikariDataSource - HikariPool-1 - Starting...
2025-09-15 18:00:05.306 [Test worker] [INFO] c.z.h.p.HikariPool - HikariPool-1 - Added connection com.mysql.cj.jdbc.ConnectionImpl@37a36194
2025-09-15 18:00:05.308 [Test worker] [INFO] c.z.h.HikariDataSource - HikariPool-1 - Start completed.
2025-09-15 18:00:05.389 [Test worker] [WARN] o.h.o.deprecation - HHH90000025: MySQL8Dialect does not need to be specified explicitly using 'hibernate.dialect' (remove the property setting and it will be selected by default)
2025-09-15 18:00:05.391 [Test worker] [WARN] o.h.o.deprecation - HHH90000026: MySQL8Dialect has been deprecated; use org.hibernate.dialect.MySQLDialect instead
2025-09-15 18:00:05.441 [Test worker] [INFO] o.h.o.c.pooling - HHH10001005: Database info:
	Database JDBC URL [Connecting through datasource 'HikariDataSource (HikariPool-1)']
	Database driver: undefined/unknown
	Database version: 8.0
	Autocommit mode: undefined/unknown
	Isolation level: undefined/unknown
	Minimum pool size: undefined/unknown
	Maximum pool size: undefined/unknown
2025-09-15 18:00:06.918 [Test worker] [INFO] o.h.e.t.j.p.i.JtaPlatformInitiator - HHH000489: No JTA platform available (set 'hibernate.transaction.jta.platform' to enable JTA platform integration)
2025-09-15 18:00:07.027 [Test worker] [INFO] o.s.o.j.LocalContainerEntityManagerFactoryBean - Initialized JPA EntityManagerFactory for persistence unit 'default'
2025-09-15 18:00:08.195 [Test worker] [WARN] o.s.b.a.o.j.JpaBaseConfiguration$JpaWebConfiguration - spring.jpa.open-in-view is enabled by default. Therefore, database queries may be performed during view rendering. Explicitly configure spring.jpa.open-in-view to disable this warning
2025-09-15 18:00:08.245 [Test worker] [WARN] o.s.b.a.s.s.UserDetailsServiceAutoConfiguration - 

Using generated security password: 4adfa4c0-ddeb-499c-9895-e34eff099998

This generated password is for development use only. Your security configuration must be updated before running your application in production.

2025-09-15 18:00:08.257 [Test worker] [INFO] o.s.s.c.a.a.c.InitializeUserDetailsBeanManagerConfigurer$InitializeUserDetailsManagerConfigurer - Global AuthenticationManager configured with UserDetailsService bean with name inMemoryUserDetailsManager
2025-09-15 18:00:08.919 [Test worker] [INFO] o.s.v.b.OptionalValidatorFactoryBean - Failed to set up a Bean Validation provider: jakarta.validation.NoProviderFoundException: Unable to create a Configuration, because no Jakarta Bean Validation provider could be found. Add a provider like Hibernate Validator (RI) to your classpath.
2025-09-15 18:00:09.405 [Test worker] [INFO] c.e.d.StepWithRemodelingApplicationTests - Started StepWithRemodelingApplicationTests in 9.842 seconds (process running for 11.635)
2025-09-15 18:00:10.147 [SpringApplicationShutdownHook] [INFO] o.s.o.j.LocalContainerEntityManagerFactoryBean - Closing JPA EntityManagerFactory for persistence unit 'default'
2025-09-15 18:00:10.151 [SpringApplicationShutdownHook] [INFO] c.z.h.HikariDataSource - HikariPool-1 - Shutdown initiated...
2025-09-15 18:00:10.166 [SpringApplicationShutdownHook] [INFO] c.z.h.HikariDataSource - HikariPool-1 - Shutdown completed.
2025-09-15 18:03:42.051 [Test worker] [INFO] c.e.d.StepWithRemodelingApplicationTests - Starting StepWithRemodelingApplicationTests using Java 17.0.2 with PID 18984 (started by somee in C:\sts\workspace\step_with_remodeling)
2025-09-15 18:03:42.053 [Test worker] [INFO] c.e.d.StepWithRemodelingApplicationTests - No active profile set, falling back to 1 default profile: "default"
2025-09-15 18:03:42.983 [Test worker] [INFO] o.s.d.r.c.RepositoryConfigurationDelegate - Multiple Spring Data modules found, entering strict repository configuration mode
2025-09-15 18:03:42.985 [Test worker] [INFO] o.s.d.r.c.RepositoryConfigurationDelegate - Bootstrapping Spring Data Redis repositories in DEFAULT mode.
2025-09-15 18:03:43.021 [Test worker] [INFO] o.s.d.r.c.RepositoryConfigurationDelegate - Finished Spring Data repository scanning in 11 ms. Found 0 Redis repository interfaces.
2025-09-15 18:03:44.272 [Test worker] [INFO] o.s.d.r.c.RepositoryConfigurationDelegate - Multiple Spring Data modules found, entering strict repository configuration mode
2025-09-15 18:03:44.277 [Test worker] [INFO] o.s.d.r.c.RepositoryConfigurationDelegate - Bootstrapping Spring Data JPA repositories in DEFAULT mode.
2025-09-15 18:03:44.533 [Test worker] [INFO] o.s.d.r.c.RepositoryConfigurationDelegate - Finished Spring Data repository scanning in 243 ms. Found 1 JPA repository interface.
2025-09-15 18:03:44.549 [Test worker] [INFO] o.s.d.r.c.RepositoryConfigurationDelegate - Multiple Spring Data modules found, entering strict repository configuration mode
2025-09-15 18:03:44.549 [Test worker] [INFO] o.s.d.r.c.RepositoryConfigurationDelegate - Bootstrapping Spring Data Redis repositories in DEFAULT mode.
2025-09-15 18:03:44.562 [Test worker] [INFO] o.s.d.r.c.RepositoryConfigurationExtensionSupport - Spring Data Redis - Could not safely identify store assignment for repository candidate interface com.example.demo.user.UserRepository; If you want this repository to be a Redis repository, consider annotating your entities with one of these annotations: org.springframework.data.redis.core.RedisHash (preferred), or consider extending one of the following types with your repository: org.springframework.data.keyvalue.repository.KeyValueRepository
2025-09-15 18:03:44.562 [Test worker] [INFO] o.s.d.r.c.RepositoryConfigurationDelegate - Finished Spring Data repository scanning in 12 ms. Found 0 Redis repository interfaces.
2025-09-15 18:03:45.412 [Test worker] [INFO] o.h.j.i.u.LogHelper - HHH000204: Processing PersistenceUnitInfo [name: default]
2025-09-15 18:03:45.490 [Test worker] [INFO] o.h.Version - HHH000412: Hibernate ORM core version 6.6.18.Final
2025-09-15 18:03:45.570 [Test worker] [INFO] o.h.c.i.RegionFactoryInitiator - HHH000026: Second-level cache disabled
2025-09-15 18:03:46.196 [Test worker] [INFO] o.s.o.j.p.SpringPersistenceUnitInfo - No LoadTimeWeaver setup: ignoring JPA class transformer
2025-09-15 18:03:46.262 [Test worker] [INFO] c.z.h.HikariDataSource - HikariPool-1 - Starting...
2025-09-15 18:03:46.908 [Test worker] [INFO] c.z.h.p.HikariPool - HikariPool-1 - Added connection com.mysql.cj.jdbc.ConnectionImpl@362e6fe
2025-09-15 18:03:46.910 [Test worker] [INFO] c.z.h.HikariDataSource - HikariPool-1 - Start completed.
2025-09-15 18:03:46.981 [Test worker] [WARN] o.h.o.deprecation - HHH90000025: MySQL8Dialect does not need to be specified explicitly using 'hibernate.dialect' (remove the property setting and it will be selected by default)
2025-09-15 18:03:46.983 [Test worker] [WARN] o.h.o.deprecation - HHH90000026: MySQL8Dialect has been deprecated; use org.hibernate.dialect.MySQLDialect instead
2025-09-15 18:03:47.030 [Test worker] [INFO] o.h.o.c.pooling - HHH10001005: Database info:
	Database JDBC URL [Connecting through datasource 'HikariDataSource (HikariPool-1)']
	Database driver: undefined/unknown
	Database version: 8.0
	Autocommit mode: undefined/unknown
	Isolation level: undefined/unknown
	Minimum pool size: undefined/unknown
	Maximum pool size: undefined/unknown
2025-09-15 18:03:48.418 [Test worker] [INFO] o.h.e.t.j.p.i.JtaPlatformInitiator - HHH000489: No JTA platform available (set 'hibernate.transaction.jta.platform' to enable JTA platform integration)
2025-09-15 18:03:48.507 [Test worker] [INFO] o.s.o.j.LocalContainerEntityManagerFactoryBean - Initialized JPA EntityManagerFactory for persistence unit 'default'
2025-09-15 18:03:49.895 [Test worker] [WARN] o.s.b.a.o.j.JpaBaseConfiguration$JpaWebConfiguration - spring.jpa.open-in-view is enabled by default. Therefore, database queries may be performed during view rendering. Explicitly configure spring.jpa.open-in-view to disable this warning
2025-09-15 18:03:49.947 [Test worker] [WARN] o.s.b.a.s.s.UserDetailsServiceAutoConfiguration - 

Using generated security password: 383ccb57-8f14-416e-8ed6-f2e6954a638f

This generated password is for development use only. Your security configuration must be updated before running your application in production.

2025-09-15 18:03:49.959 [Test worker] [INFO] o.s.s.c.a.a.c.InitializeUserDetailsBeanManagerConfigurer$InitializeUserDetailsManagerConfigurer - Global AuthenticationManager configured with UserDetailsService bean with name inMemoryUserDetailsManager
2025-09-15 18:03:50.608 [Test worker] [INFO] o.s.v.b.OptionalValidatorFactoryBean - Failed to set up a Bean Validation provider: jakarta.validation.NoProviderFoundException: Unable to create a Configuration, because no Jakarta Bean Validation provider could be found. Add a provider like Hibernate Validator (RI) to your classpath.
2025-09-15 18:03:51.120 [Test worker] [INFO] c.e.d.StepWithRemodelingApplicationTests - Started StepWithRemodelingApplicationTests in 9.833 seconds (process running for 11.619)
2025-09-15 18:03:51.988 [SpringApplicationShutdownHook] [INFO] o.s.o.j.LocalContainerEntityManagerFactoryBean - Closing JPA EntityManagerFactory for persistence unit 'default'
2025-09-15 18:03:52.002 [SpringApplicationShutdownHook] [INFO] c.z.h.HikariDataSource - HikariPool-1 - Shutdown initiated...
2025-09-15 18:03:52.023 [SpringApplicationShutdownHook] [INFO] c.z.h.HikariDataSource - HikariPool-1 - Shutdown completed.
2025-09-15 18:08:39.541 [Test worker] [INFO] c.e.d.StepWithRemodelingApplicationTests - Starting StepWithRemodelingApplicationTests using Java 17.0.2 with PID 15476 (started by somee in C:\sts\workspace\step_with_remodeling)
2025-09-15 18:08:39.541 [Test worker] [INFO] c.e.d.StepWithRemodelingApplicationTests - No active profile set, falling back to 1 default profile: "default"
2025-09-15 18:08:40.522 [Test worker] [INFO] o.s.d.r.c.RepositoryConfigurationDelegate - Multiple Spring Data modules found, entering strict repository configuration mode
2025-09-15 18:08:40.522 [Test worker] [INFO] o.s.d.r.c.RepositoryConfigurationDelegate - Bootstrapping Spring Data Redis repositories in DEFAULT mode.
2025-09-15 18:08:40.585 [Test worker] [INFO] o.s.d.r.c.RepositoryConfigurationDelegate - Finished Spring Data repository scanning in 14 ms. Found 0 Redis repository interfaces.
2025-09-15 18:08:41.808 [Test worker] [INFO] o.s.d.r.c.RepositoryConfigurationDelegate - Multiple Spring Data modules found, entering strict repository configuration mode
2025-09-15 18:08:41.811 [Test worker] [INFO] o.s.d.r.c.RepositoryConfigurationDelegate - Bootstrapping Spring Data JPA repositories in DEFAULT mode.
2025-09-15 18:08:42.112 [Test worker] [INFO] o.s.d.r.c.RepositoryConfigurationDelegate - Finished Spring Data repository scanning in 290 ms. Found 1 JPA repository interface.
2025-09-15 18:08:42.130 [Test worker] [INFO] o.s.d.r.c.RepositoryConfigurationDelegate - Multiple Spring Data modules found, entering strict repository configuration mode
2025-09-15 18:08:42.130 [Test worker] [INFO] o.s.d.r.c.RepositoryConfigurationDelegate - Bootstrapping Spring Data Redis repositories in DEFAULT mode.
2025-09-15 18:08:42.141 [Test worker] [INFO] o.s.d.r.c.RepositoryConfigurationExtensionSupport - Spring Data Redis - Could not safely identify store assignment for repository candidate interface com.example.demo.user.UserRepository; If you want this repository to be a Redis repository, consider annotating your entities with one of these annotations: org.springframework.data.redis.core.RedisHash (preferred), or consider extending one of the following types with your repository: org.springframework.data.keyvalue.repository.KeyValueRepository
2025-09-15 18:08:42.156 [Test worker] [INFO] o.s.d.r.c.RepositoryConfigurationDelegate - Finished Spring Data repository scanning in 22 ms. Found 0 Redis repository interfaces.
2025-09-15 18:08:42.999 [Test worker] [INFO] o.h.j.i.u.LogHelper - HHH000204: Processing PersistenceUnitInfo [name: default]
2025-09-15 18:08:43.072 [Test worker] [INFO] o.h.Version - HHH000412: Hibernate ORM core version 6.6.18.Final
2025-09-15 18:08:43.168 [Test worker] [INFO] o.h.c.i.RegionFactoryInitiator - HHH000026: Second-level cache disabled
2025-09-15 18:08:43.682 [Test worker] [INFO] o.s.o.j.p.SpringPersistenceUnitInfo - No LoadTimeWeaver setup: ignoring JPA class transformer
2025-09-15 18:08:43.755 [Test worker] [INFO] c.z.h.HikariDataSource - HikariPool-1 - Starting...
2025-09-15 18:08:44.358 [Test worker] [INFO] c.z.h.p.HikariPool - HikariPool-1 - Added connection com.mysql.cj.jdbc.ConnectionImpl@75d61b62
2025-09-15 18:08:44.358 [Test worker] [INFO] c.z.h.HikariDataSource - HikariPool-1 - Start completed.
2025-09-15 18:08:44.438 [Test worker] [WARN] o.h.o.deprecation - HHH90000025: MySQL8Dialect does not need to be specified explicitly using 'hibernate.dialect' (remove the property setting and it will be selected by default)
2025-09-15 18:08:44.438 [Test worker] [WARN] o.h.o.deprecation - HHH90000026: MySQL8Dialect has been deprecated; use org.hibernate.dialect.MySQLDialect instead
2025-09-15 18:08:44.489 [Test worker] [INFO] o.h.o.c.pooling - HHH10001005: Database info:
	Database JDBC URL [Connecting through datasource 'HikariDataSource (HikariPool-1)']
	Database driver: undefined/unknown
	Database version: 8.0
	Autocommit mode: undefined/unknown
	Isolation level: undefined/unknown
	Minimum pool size: undefined/unknown
	Maximum pool size: undefined/unknown
2025-09-15 18:08:45.935 [Test worker] [INFO] o.h.e.t.j.p.i.JtaPlatformInitiator - HHH000489: No JTA platform available (set 'hibernate.transaction.jta.platform' to enable JTA platform integration)
2025-09-15 18:08:46.017 [Test worker] [INFO] o.s.o.j.LocalContainerEntityManagerFactoryBean - Initialized JPA EntityManagerFactory for persistence unit 'default'
2025-09-15 18:08:47.292 [Test worker] [WARN] o.s.b.a.o.j.JpaBaseConfiguration$JpaWebConfiguration - spring.jpa.open-in-view is enabled by default. Therefore, database queries may be performed during view rendering. Explicitly configure spring.jpa.open-in-view to disable this warning
2025-09-15 18:08:47.334 [Test worker] [WARN] o.s.b.a.s.s.UserDetailsServiceAutoConfiguration - 

Using generated security password: d47ae70f-88ce-4192-a7c9-210e0718461c

This generated password is for development use only. Your security configuration must be updated before running your application in production.

2025-09-15 18:08:47.349 [Test worker] [INFO] o.s.s.c.a.a.c.InitializeUserDetailsBeanManagerConfigurer$InitializeUserDetailsManagerConfigurer - Global AuthenticationManager configured with UserDetailsService bean with name inMemoryUserDetailsManager
2025-09-15 18:08:48.000 [Test worker] [INFO] o.s.v.b.OptionalValidatorFactoryBean - Failed to set up a Bean Validation provider: jakarta.validation.NoProviderFoundException: Unable to create a Configuration, because no Jakarta Bean Validation provider could be found. Add a provider like Hibernate Validator (RI) to your classpath.
2025-09-15 18:08:48.468 [Test worker] [INFO] c.e.d.StepWithRemodelingApplicationTests - Started StepWithRemodelingApplicationTests in 9.724 seconds (process running for 11.519)
2025-09-15 18:08:49.223 [SpringApplicationShutdownHook] [INFO] o.s.o.j.LocalContainerEntityManagerFactoryBean - Closing JPA EntityManagerFactory for persistence unit 'default'
2025-09-15 18:08:49.223 [SpringApplicationShutdownHook] [INFO] c.z.h.HikariDataSource - HikariPool-1 - Shutdown initiated...
2025-09-15 18:08:49.255 [SpringApplicationShutdownHook] [INFO] c.z.h.HikariDataSource - HikariPool-1 - Shutdown completed.
2025-09-15 18:11:38.879 [Test worker] [INFO] c.e.d.StepWithRemodelingApplicationTests - Starting StepWithRemodelingApplicationTests using Java 17.0.2 with PID 11792 (started by somee in C:\sts\workspace\step_with_remodeling)
2025-09-15 18:11:38.882 [Test worker] [INFO] c.e.d.StepWithRemodelingApplicationTests - No active profile set, falling back to 1 default profile: "default"
2025-09-15 18:11:39.965 [Test worker] [INFO] o.s.d.r.c.RepositoryConfigurationDelegate - Multiple Spring Data modules found, entering strict repository configuration mode
2025-09-15 18:11:39.966 [Test worker] [INFO] o.s.d.r.c.RepositoryConfigurationDelegate - Bootstrapping Spring Data Redis repositories in DEFAULT mode.
2025-09-15 18:11:39.997 [Test worker] [INFO] o.s.d.r.c.RepositoryConfigurationDelegate - Finished Spring Data repository scanning in 11 ms. Found 0 Redis repository interfaces.
2025-09-15 18:11:41.139 [Test worker] [INFO] o.s.d.r.c.RepositoryConfigurationDelegate - Multiple Spring Data modules found, entering strict repository configuration mode
2025-09-15 18:11:41.140 [Test worker] [INFO] o.s.d.r.c.RepositoryConfigurationDelegate - Bootstrapping Spring Data JPA repositories in DEFAULT mode.
2025-09-15 18:11:41.510 [Test worker] [INFO] o.s.d.r.c.RepositoryConfigurationDelegate - Finished Spring Data repository scanning in 361 ms. Found 1 JPA repository interface.
2025-09-15 18:11:41.527 [Test worker] [INFO] o.s.d.r.c.RepositoryConfigurationDelegate - Multiple Spring Data modules found, entering strict repository configuration mode
2025-09-15 18:11:41.528 [Test worker] [INFO] o.s.d.r.c.RepositoryConfigurationDelegate - Bootstrapping Spring Data Redis repositories in DEFAULT mode.
2025-09-15 18:11:41.542 [Test worker] [INFO] o.s.d.r.c.RepositoryConfigurationExtensionSupport - Spring Data Redis - Could not safely identify store assignment for repository candidate interface com.example.demo.user.UserRepository; If you want this repository to be a Redis repository, consider annotating your entities with one of these annotations: org.springframework.data.redis.core.RedisHash (preferred), or consider extending one of the following types with your repository: org.springframework.data.keyvalue.repository.KeyValueRepository
2025-09-15 18:11:41.543 [Test worker] [INFO] o.s.d.r.c.RepositoryConfigurationDelegate - Finished Spring Data repository scanning in 12 ms. Found 0 Redis repository interfaces.
2025-09-15 18:11:42.436 [Test worker] [INFO] o.h.j.i.u.LogHelper - HHH000204: Processing PersistenceUnitInfo [name: default]
2025-09-15 18:11:42.537 [Test worker] [INFO] o.h.Version - HHH000412: Hibernate ORM core version 6.6.18.Final
2025-09-15 18:11:42.636 [Test worker] [INFO] o.h.c.i.RegionFactoryInitiator - HHH000026: Second-level cache disabled
2025-09-15 18:11:43.174 [Test worker] [INFO] o.s.o.j.p.SpringPersistenceUnitInfo - No LoadTimeWeaver setup: ignoring JPA class transformer
2025-09-15 18:11:43.228 [Test worker] [INFO] c.z.h.HikariDataSource - HikariPool-1 - Starting...
2025-09-15 18:11:43.840 [Test worker] [INFO] c.z.h.p.HikariPool - HikariPool-1 - Added connection com.mysql.cj.jdbc.ConnectionImpl@37a36194
2025-09-15 18:11:43.843 [Test worker] [INFO] c.z.h.HikariDataSource - HikariPool-1 - Start completed.
2025-09-15 18:11:43.902 [Test worker] [WARN] o.h.o.deprecation - HHH90000025: MySQL8Dialect does not need to be specified explicitly using 'hibernate.dialect' (remove the property setting and it will be selected by default)
2025-09-15 18:11:43.904 [Test worker] [WARN] o.h.o.deprecation - HHH90000026: MySQL8Dialect has been deprecated; use org.hibernate.dialect.MySQLDialect instead
2025-09-15 18:11:43.959 [Test worker] [INFO] o.h.o.c.pooling - HHH10001005: Database info:
	Database JDBC URL [Connecting through datasource 'HikariDataSource (HikariPool-1)']
	Database driver: undefined/unknown
	Database version: 8.0
	Autocommit mode: undefined/unknown
	Isolation level: undefined/unknown
	Minimum pool size: undefined/unknown
	Maximum pool size: undefined/unknown
2025-09-15 18:11:45.456 [Test worker] [INFO] o.h.e.t.j.p.i.JtaPlatformInitiator - HHH000489: No JTA platform available (set 'hibernate.transaction.jta.platform' to enable JTA platform integration)
2025-09-15 18:11:45.567 [Test worker] [INFO] o.s.o.j.LocalContainerEntityManagerFactoryBean - Initialized JPA EntityManagerFactory for persistence unit 'default'
2025-09-15 18:11:46.979 [Test worker] [WARN] o.s.b.a.o.j.JpaBaseConfiguration$JpaWebConfiguration - spring.jpa.open-in-view is enabled by default. Therefore, database queries may be performed during view rendering. Explicitly configure spring.jpa.open-in-view to disable this warning
2025-09-15 18:11:47.034 [Test worker] [WARN] o.s.b.a.s.s.UserDetailsServiceAutoConfiguration - 

Using generated security password: ad0f50e8-3691-4727-ba10-0bf282ba093c

This generated password is for development use only. Your security configuration must be updated before running your application in production.

2025-09-15 18:11:47.045 [Test worker] [INFO] o.s.s.c.a.a.c.InitializeUserDetailsBeanManagerConfigurer$InitializeUserDetailsManagerConfigurer - Global AuthenticationManager configured with UserDetailsService bean with name inMemoryUserDetailsManager
2025-09-15 18:11:47.670 [Test worker] [INFO] o.s.v.b.OptionalValidatorFactoryBean - Failed to set up a Bean Validation provider: jakarta.validation.NoProviderFoundException: Unable to create a Configuration, because no Jakarta Bean Validation provider could be found. Add a provider like Hibernate Validator (RI) to your classpath.
2025-09-15 18:11:48.189 [Test worker] [INFO] c.e.d.StepWithRemodelingApplicationTests - Started StepWithRemodelingApplicationTests in 10.092 seconds (process running for 11.973)
2025-09-15 18:11:48.947 [SpringApplicationShutdownHook] [INFO] o.s.o.j.LocalContainerEntityManagerFactoryBean - Closing JPA EntityManagerFactory for persistence unit 'default'
2025-09-15 18:11:48.954 [SpringApplicationShutdownHook] [INFO] c.z.h.HikariDataSource - HikariPool-1 - Shutdown initiated...
2025-09-15 18:11:48.983 [SpringApplicationShutdownHook] [INFO] c.z.h.HikariDataSource - HikariPool-1 - Shutdown completed.
2025-09-15 18:14:37.892 [Test worker] [INFO] c.e.d.StepWithRemodelingApplicationTests - Starting StepWithRemodelingApplicationTests using Java 17.0.2 with PID 14832 (started by somee in C:\sts\workspace\step_with_remodeling)
2025-09-15 18:14:37.892 [Test worker] [INFO] c.e.d.StepWithRemodelingApplicationTests - No active profile set, falling back to 1 default profile: "default"
2025-09-15 18:14:38.980 [Test worker] [INFO] o.s.d.r.c.RepositoryConfigurationDelegate - Multiple Spring Data modules found, entering strict repository configuration mode
2025-09-15 18:14:38.982 [Test worker] [INFO] o.s.d.r.c.RepositoryConfigurationDelegate - Bootstrapping Spring Data Redis repositories in DEFAULT mode.
2025-09-15 18:14:39.028 [Test worker] [INFO] o.s.d.r.c.RepositoryConfigurationDelegate - Finished Spring Data repository scanning in 9 ms. Found 0 Redis repository interfaces.
2025-09-15 18:14:40.140 [Test worker] [INFO] o.s.d.r.c.RepositoryConfigurationDelegate - Multiple Spring Data modules found, entering strict repository configuration mode
2025-09-15 18:14:40.140 [Test worker] [INFO] o.s.d.r.c.RepositoryConfigurationDelegate - Bootstrapping Spring Data JPA repositories in DEFAULT mode.
2025-09-15 18:14:40.398 [Test worker] [INFO] o.s.d.r.c.RepositoryConfigurationDelegate - Finished Spring Data repository scanning in 242 ms. Found 1 JPA repository interface.
2025-09-15 18:14:40.412 [Test worker] [INFO] o.s.d.r.c.RepositoryConfigurationDelegate - Multiple Spring Data modules found, entering strict repository configuration mode
2025-09-15 18:14:40.412 [Test worker] [INFO] o.s.d.r.c.RepositoryConfigurationDelegate - Bootstrapping Spring Data Redis repositories in DEFAULT mode.
2025-09-15 18:14:40.427 [Test worker] [INFO] o.s.d.r.c.RepositoryConfigurationExtensionSupport - Spring Data Redis - Could not safely identify store assignment for repository candidate interface com.example.demo.user.UserRepository; If you want this repository to be a Redis repository, consider annotating your entities with one of these annotations: org.springframework.data.redis.core.RedisHash (preferred), or consider extending one of the following types with your repository: org.springframework.data.keyvalue.repository.KeyValueRepository
2025-09-15 18:14:40.427 [Test worker] [INFO] o.s.d.r.c.RepositoryConfigurationDelegate - Finished Spring Data repository scanning in 15 ms. Found 0 Redis repository interfaces.
2025-09-15 18:14:41.532 [Test worker] [INFO] o.h.j.i.u.LogHelper - HHH000204: Processing PersistenceUnitInfo [name: default]
2025-09-15 18:14:41.613 [Test worker] [INFO] o.h.Version - HHH000412: Hibernate ORM core version 6.6.18.Final
2025-09-15 18:14:41.677 [Test worker] [INFO] o.h.c.i.RegionFactoryInitiator - HHH000026: Second-level cache disabled
2025-09-15 18:14:42.123 [Test worker] [INFO] o.s.o.j.p.SpringPersistenceUnitInfo - No LoadTimeWeaver setup: ignoring JPA class transformer
2025-09-15 18:14:42.185 [Test worker] [INFO] c.z.h.HikariDataSource - HikariPool-1 - Starting...
2025-09-15 18:14:42.850 [Test worker] [INFO] c.z.h.p.HikariPool - HikariPool-1 - Added connection com.mysql.cj.jdbc.ConnectionImpl@b867869
2025-09-15 18:14:42.850 [Test worker] [INFO] c.z.h.HikariDataSource - HikariPool-1 - Start completed.
2025-09-15 18:14:42.944 [Test worker] [WARN] o.h.o.deprecation - HHH90000025: MySQL8Dialect does not need to be specified explicitly using 'hibernate.dialect' (remove the property setting and it will be selected by default)
2025-09-15 18:14:42.944 [Test worker] [WARN] o.h.o.deprecation - HHH90000026: MySQL8Dialect has been deprecated; use org.hibernate.dialect.MySQLDialect instead
2025-09-15 18:14:42.993 [Test worker] [INFO] o.h.o.c.pooling - HHH10001005: Database info:
	Database JDBC URL [Connecting through datasource 'HikariDataSource (HikariPool-1)']
	Database driver: undefined/unknown
	Database version: 8.0
	Autocommit mode: undefined/unknown
	Isolation level: undefined/unknown
	Minimum pool size: undefined/unknown
	Maximum pool size: undefined/unknown
2025-09-15 18:14:44.263 [Test worker] [INFO] o.h.e.t.j.p.i.JtaPlatformInitiator - HHH000489: No JTA platform available (set 'hibernate.transaction.jta.platform' to enable JTA platform integration)
2025-09-15 18:14:44.375 [Test worker] [INFO] o.s.o.j.LocalContainerEntityManagerFactoryBean - Initialized JPA EntityManagerFactory for persistence unit 'default'
2025-09-15 18:14:45.595 [Test worker] [WARN] o.s.b.a.o.j.JpaBaseConfiguration$JpaWebConfiguration - spring.jpa.open-in-view is enabled by default. Therefore, database queries may be performed during view rendering. Explicitly configure spring.jpa.open-in-view to disable this warning
2025-09-15 18:14:45.649 [Test worker] [WARN] o.s.b.a.s.s.UserDetailsServiceAutoConfiguration - 

Using generated security password: 191032f9-e666-4bea-87b5-b3e2425a622b

This generated password is for development use only. Your security configuration must be updated before running your application in production.

2025-09-15 18:14:45.654 [Test worker] [INFO] o.s.s.c.a.a.c.InitializeUserDetailsBeanManagerConfigurer$InitializeUserDetailsManagerConfigurer - Global AuthenticationManager configured with UserDetailsService bean with name inMemoryUserDetailsManager
2025-09-15 18:14:46.323 [Test worker] [INFO] o.s.v.b.OptionalValidatorFactoryBean - Failed to set up a Bean Validation provider: jakarta.validation.NoProviderFoundException: Unable to create a Configuration, because no Jakarta Bean Validation provider could be found. Add a provider like Hibernate Validator (RI) to your classpath.
2025-09-15 18:14:46.849 [Test worker] [INFO] c.e.d.StepWithRemodelingApplicationTests - Started StepWithRemodelingApplicationTests in 9.814 seconds (process running for 11.602)
2025-09-15 18:14:47.584 [SpringApplicationShutdownHook] [INFO] o.s.o.j.LocalContainerEntityManagerFactoryBean - Closing JPA EntityManagerFactory for persistence unit 'default'
2025-09-15 18:14:47.590 [SpringApplicationShutdownHook] [INFO] c.z.h.HikariDataSource - HikariPool-1 - Shutdown initiated...
2025-09-15 18:14:47.608 [SpringApplicationShutdownHook] [INFO] c.z.h.HikariDataSource - HikariPool-1 - Shutdown completed.
